../Src/01-MCAL/03-STK/STK_program.c:18:6:MSTK_voidClkSrcInit	4	static
../Src/01-MCAL/03-STK/STK_program.c:26:4:MSTK_voidClearCount	16	static
../Src/01-MCAL/03-STK/STK_program.c:32:6:MSTK_voidSetBusyWait	16	static
../Src/01-MCAL/03-STK/STK_program.c:43:6:MSTK_u8SetIntervalSingle	16	static
../Src/01-MCAL/03-STK/STK_program.c:57:6:MSTK_u8SetIntervalPeriodic	16	static
../Src/01-MCAL/03-STK/STK_program.c:70:6:MSTK_voidStopInterval	4	static
../Src/01-MCAL/03-STK/STK_program.c:79:5:MSTK_u32GetElapsedTime	4	static
../Src/01-MCAL/03-STK/STK_program.c:83:5:MSTK_u32GetRemainingTime	4	static
../Src/01-MCAL/03-STK/STK_program.c:88:4:MSTK_u8SetCallBackFunc	24	static
../Src/01-MCAL/03-STK/STK_program.c:101:6:SysTick_Handler	8	static
