Archive member included to satisfy reference by file (symbol)

d:/programs/stm32cubeide_1.10.1/stm32cubeide/plugins/com.st.stm32cube.ide.mcu.externaltools.gnu-tools-for-stm32.10.3-2021.10.win32_1.0.0.202111181127/tools/bin/../lib/gcc/arm-none-eabi/10.3.1/../../../../arm-none-eabi/lib/thumb/v7-m/nofp\libc_nano.a(lib_a-ctype_.o)
                              ./Src/CJSON/cJSON.o (_ctype_)
d:/programs/stm32cubeide_1.10.1/stm32cubeide/plugins/com.st.stm32cube.ide.mcu.externaltools.gnu-tools-for-stm32.10.3-2021.10.win32_1.0.0.202111181127/tools/bin/../lib/gcc/arm-none-eabi/10.3.1/../../../../arm-none-eabi/lib/thumb/v7-m/nofp\libc_nano.a(lib_a-errno.o)
                              ./Src/syscalls.o (__errno)
d:/programs/stm32cubeide_1.10.1/stm32cubeide/plugins/com.st.stm32cube.ide.mcu.externaltools.gnu-tools-for-stm32.10.3-2021.10.win32_1.0.0.202111181127/tools/bin/../lib/gcc/arm-none-eabi/10.3.1/../../../../arm-none-eabi/lib/thumb/v7-m/nofp\libc_nano.a(lib_a-exit.o)
                              d:/programs/stm32cubeide_1.10.1/stm32cubeide/plugins/com.st.stm32cube.ide.mcu.externaltools.gnu-tools-for-stm32.10.3-2021.10.win32_1.0.0.202111181127/tools/bin/../lib/gcc/arm-none-eabi/10.3.1/../../../../arm-none-eabi/lib/thumb/v7-m/nofp/crt0.o (exit)
d:/programs/stm32cubeide_1.10.1/stm32cubeide/plugins/com.st.stm32cube.ide.mcu.externaltools.gnu-tools-for-stm32.10.3-2021.10.win32_1.0.0.202111181127/tools/bin/../lib/gcc/arm-none-eabi/10.3.1/../../../../arm-none-eabi/lib/thumb/v7-m/nofp\libc_nano.a(lib_a-impure.o)
                              d:/programs/stm32cubeide_1.10.1/stm32cubeide/plugins/com.st.stm32cube.ide.mcu.externaltools.gnu-tools-for-stm32.10.3-2021.10.win32_1.0.0.202111181127/tools/bin/../lib/gcc/arm-none-eabi/10.3.1/../../../../arm-none-eabi/lib/thumb/v7-m/nofp\libc_nano.a(lib_a-exit.o) (_global_impure_ptr)
d:/programs/stm32cubeide_1.10.1/stm32cubeide/plugins/com.st.stm32cube.ide.mcu.externaltools.gnu-tools-for-stm32.10.3-2021.10.win32_1.0.0.202111181127/tools/bin/../lib/gcc/arm-none-eabi/10.3.1/../../../../arm-none-eabi/lib/thumb/v7-m/nofp\libc_nano.a(lib_a-init.o)
                              d:/programs/stm32cubeide_1.10.1/stm32cubeide/plugins/com.st.stm32cube.ide.mcu.externaltools.gnu-tools-for-stm32.10.3-2021.10.win32_1.0.0.202111181127/tools/bin/../lib/gcc/arm-none-eabi/10.3.1/../../../../arm-none-eabi/lib/thumb/v7-m/nofp/crt0.o (__libc_init_array)
d:/programs/stm32cubeide_1.10.1/stm32cubeide/plugins/com.st.stm32cube.ide.mcu.externaltools.gnu-tools-for-stm32.10.3-2021.10.win32_1.0.0.202111181127/tools/bin/../lib/gcc/arm-none-eabi/10.3.1/../../../../arm-none-eabi/lib/thumb/v7-m/nofp\libc_nano.a(lib_a-malloc.o)
                              ./Src/CJSON/cJSON.o (malloc)
d:/programs/stm32cubeide_1.10.1/stm32cubeide/plugins/com.st.stm32cube.ide.mcu.externaltools.gnu-tools-for-stm32.10.3-2021.10.win32_1.0.0.202111181127/tools/bin/../lib/gcc/arm-none-eabi/10.3.1/../../../../arm-none-eabi/lib/thumb/v7-m/nofp\libc_nano.a(lib_a-memcpy-stub.o)
                              ./Src/CJSON/cJSON.o (memcpy)
d:/programs/stm32cubeide_1.10.1/stm32cubeide/plugins/com.st.stm32cube.ide.mcu.externaltools.gnu-tools-for-stm32.10.3-2021.10.win32_1.0.0.202111181127/tools/bin/../lib/gcc/arm-none-eabi/10.3.1/../../../../arm-none-eabi/lib/thumb/v7-m/nofp\libc_nano.a(lib_a-memset.o)
                              d:/programs/stm32cubeide_1.10.1/stm32cubeide/plugins/com.st.stm32cube.ide.mcu.externaltools.gnu-tools-for-stm32.10.3-2021.10.win32_1.0.0.202111181127/tools/bin/../lib/gcc/arm-none-eabi/10.3.1/../../../../arm-none-eabi/lib/thumb/v7-m/nofp/crt0.o (memset)
d:/programs/stm32cubeide_1.10.1/stm32cubeide/plugins/com.st.stm32cube.ide.mcu.externaltools.gnu-tools-for-stm32.10.3-2021.10.win32_1.0.0.202111181127/tools/bin/../lib/gcc/arm-none-eabi/10.3.1/../../../../arm-none-eabi/lib/thumb/v7-m/nofp\libc_nano.a(lib_a-nano-freer.o)
                              d:/programs/stm32cubeide_1.10.1/stm32cubeide/plugins/com.st.stm32cube.ide.mcu.externaltools.gnu-tools-for-stm32.10.3-2021.10.win32_1.0.0.202111181127/tools/bin/../lib/gcc/arm-none-eabi/10.3.1/../../../../arm-none-eabi/lib/thumb/v7-m/nofp\libc_nano.a(lib_a-malloc.o) (_free_r)
d:/programs/stm32cubeide_1.10.1/stm32cubeide/plugins/com.st.stm32cube.ide.mcu.externaltools.gnu-tools-for-stm32.10.3-2021.10.win32_1.0.0.202111181127/tools/bin/../lib/gcc/arm-none-eabi/10.3.1/../../../../arm-none-eabi/lib/thumb/v7-m/nofp\libc_nano.a(lib_a-nano-mallocr.o)
                              d:/programs/stm32cubeide_1.10.1/stm32cubeide/plugins/com.st.stm32cube.ide.mcu.externaltools.gnu-tools-for-stm32.10.3-2021.10.win32_1.0.0.202111181127/tools/bin/../lib/gcc/arm-none-eabi/10.3.1/../../../../arm-none-eabi/lib/thumb/v7-m/nofp\libc_nano.a(lib_a-malloc.o) (_malloc_r)
[...]
Memory Configuration

Name             Origin             Length             Attributes
RAM              0x0000000020000000 0x0000000000005000 xrw
FLASH            0x0000000008000000 0x0000000000010000 xr
*default*        0x0000000000000000 0xffffffffffffffff

Linker script and memory map

LOAD d:/programs/stm32cubeide_1.10.1/stm32cubeide/plugins/com.st.stm32cube.ide.mcu.externaltools.gnu-tools-for-stm32.10.3-2021.10.win32_1.0.0.202111181127/tools/bin/../lib/gcc/arm-none-eabi/10.3.1/thumb/v7-m/nofp/crti.o
LOAD d:/programs/stm32cubeide_1.10.1/stm32cubeide/plugins/com.st.stm32cube.ide.mcu.externaltools.gnu-tools-for-stm32.10.3-2021.10.win32_1.0.0.202111181127/tools/bin/../lib/gcc/arm-none-eabi/10.3.1/thumb/v7-m/nofp/crtbegin.o
LOAD d:/programs/stm32cubeide_1.10.1/stm32cubeide/plugins/com.st.stm32cube.ide.mcu.externaltools.gnu-tools-for-stm32.10.3-2021.10.win32_1.0.0.202111181127/tools/bin/../lib/gcc/arm-none-eabi/10.3.1/../../../../arm-none-eabi/lib/thumb/v7-m/nofp/crt0.o
LOAD ./Src/00-LIB/Software_Delay.o
LOAD ./Src/01-MCAL/00-RCC/RCC_program.o
LOAD ./Src/01-MCAL/01-PORT/PORT_program.o
LOAD ./Src/01-MCAL/02-DIO/DIO_program.o
LOAD ./Src/01-MCAL/03-STK/STK_program.o
LOAD ./Src/01-MCAL/04-NVIC/NVIC_program.o
LOAD ./Src/01-MCAL/05-EXTI/EXTI_program.o
LOAD ./Src/01-MCAL/06-AFIO/AFIO_program.o
LOAD ./Src/01-MCAL/07-I2C/I2C_program.o
LOAD ./Src/01-MCAL/08-TIM/TIM_program.o
LOAD ./Src/01-MCAL/09-SPI/SPI_program.o
LOAD ./Src/01-MCAL/10-PWM/PWM_program.o
LOAD ./Src/01-MCAL/11-USART/USART_program.o
LOAD ./Src/01-MCAL/12-ADC/ADC_program.o
LOAD ./Src/02-SERVICE/OS/OS_program.o
LOAD ./Src/03-HAL/01-TEMP_SENSOR/TEMP_program.o
LOAD ./Src/03-HAL/02-LIGHT_SENSOR/LIGHT_program.o
LOAD ./Src/03-HAL/03-RELAY/RELAY_program.o
LOAD ./Src/CJSON/cJSON.o
LOAD ./Src/main.o
LOAD ./Src/syscalls.o
LOAD ./Src/sysmem.o
LOAD ./Startup/startup_stm32f103c8tx.o
START GROUP
LOAD d:/programs/stm32cubeide_1.10.1/stm32cubeide/plugins/com.st.stm32cube.ide.mcu.externaltools.gnu-tools-for-stm32.10.3-2021.10.win32_1.0.0.202111181127/tools/bin/../lib/gcc/arm-none-eabi/10.3.1/../../../../arm-none-eabi/lib/thumb/v7-m/nofp\libc_nano.a
LOAD d:/programs/stm32cubeide_1.10.1/stm32cubeide/plugins/com.st.stm32cube.ide.mcu.externaltools.gnu-tools-for-stm32.10.3-2021.10.win32_1.0.0.202111181127/tools/bin/../lib/gcc/arm-none-eabi/10.3.1/../../../../arm-none-eabi/lib/thumb/v7-m/nofp\libm.a
END GROUP
START GROUP
LOAD d:/programs/stm32cubeide_1.10.1/stm32cubeide/plugins/com.st.stm32cube.ide.mcu.externaltools.gnu-tools-for-stm32.10.3-2021.10.win32_1.0.0.202111181127/tools/bin/../lib/gcc/arm-none-eabi/10.3.1/thumb/v7-m/nofp\libgcc.a
LOAD d:/programs/stm32cubeide_1.10.1/stm32cubeide/plugins/com.st.stm32cube.ide.mcu.externaltools.gnu-tools-for-stm32.10.3-2021.10.win32_1.0.0.202111181127/tools/bin/../lib/gcc/arm-none-eabi/10.3.1/../../../../arm-none-eabi/lib/thumb/v7-m/nofp\libc_nano.a
END GROUP
START GROUP
LOAD d:/programs/stm32cubeide_1.10.1/stm32cubeide/plugins/com.st.stm32cube.ide.mcu.externaltools.gnu-tools-for-stm32.10.3-2021.10.win32_1.0.0.202111181127/tools/bin/../lib/gcc/arm-none-eabi/10.3.1/thumb/v7-m/nofp\libgcc.a
LOAD d:/programs/stm32cubeide_1.10.1/stm32cubeide/plugins/com.st.stm32cube.ide.mcu.externaltools.gnu-tools-for-stm32.10.3-2021.10.win32_1.0.0.202111181127/tools/bin/../lib/gcc/arm-none-eabi/10.3.1/../../../../arm-none-eabi/lib/thumb/v7-m/nofp\libc_nano.a
LOAD d:/programs/stm32cubeide_1.10.1/stm32cubeide/plugins/com.st.stm32cube.ide.mcu.externaltools.gnu-tools-for-stm32.10.3-2021.10.win32_1.0.0.202111181127/tools/bin/../lib/gcc/arm-none-eabi/10.3.1/../../../../arm-none-eabi/lib/thumb/v7-m/nofp\libnosys.a
END GROUP
START GROUP
LOAD d:/programs/stm32cubeide_1.10.1/stm32cubeide/plugins/com.st.stm32cube.ide.mcu.externaltools.gnu-tools-for-stm32.10.3-2021.10.win32_1.0.0.202111181127/tools/bin/../lib/gcc/arm-none-eabi/10.3.1/thumb/v7-m/nofp\libgcc.a
LOAD d:/programs/stm32cubeide_1.10.1/stm32cubeide/plugins/com.st.stm32cube.ide.mcu.externaltools.gnu-tools-for-stm32.10.3-2021.10.win32_1.0.0.202111181127/tools/bin/../lib/gcc/arm-none-eabi/10.3.1/../../../../arm-none-eabi/lib/thumb/v7-m/nofp\libc_nano.a
LOAD d:/programs/stm32cubeide_1.10.1/stm32cubeide/plugins/com.st.stm32cube.ide.mcu.externaltools.gnu-tools-for-stm32.10.3-2021.10.win32_1.0.0.202111181127/tools/bin/../lib/gcc/arm-none-eabi/10.3.1/../../../../arm-none-eabi/lib/thumb/v7-m/nofp\libnosys.a
END GROUP
LOAD d:/programs/stm32cubeide_1.10.1/stm32cubeide/plugins/com.st.stm32cube.ide.mcu.externaltools.gnu-tools-for-stm32.10.3-2021.10.win32_1.0.0.202111181127/tools/bin/../lib/gcc/arm-none-eabi/10.3.1/thumb/v7-m/nofp/crtend.o
LOAD d:/programs/stm32cubeide_1.10.1/stm32cubeide/plugins/com.st.stm32cube.ide.mcu.externaltools.gnu-tools-for-stm32.10.3-2021.10.win32_1.0.0.202111181127/tools/bin/../lib/gcc/arm-none-eabi/10.3.1/thumb/v7-m/nofp/crtn.o
                0x0000000020005000                _estack = (ORIGIN (RAM) + LENGTH (RAM))
                0x0000000000000200                _Min_Heap_Size = 0x200
                0x0000000000000400                _Min_Stack_Size = 0x400

.isr_vector     0x0000000008000000      0x130
                0x0000000008000000                . = ALIGN (0x4)
 *(.isr_vector)
 .isr_vector    0x0000000008000000      0x130 ./Startup/startup_stm32f103c8tx.o
                0x0000000008000000                g_pfnVectors
                0x0000000008000130                . = ALIGN (0x4)

.text           0x0000000008000130     0x8004
                0x0000000008000130                . = ALIGN (0x4)
 *(.text)
 .text          0x0000000008000130       0x40 d:/programs/stm32cubeide_1.10.1/stm32cubeide/plugins/com.st.stm32cube.ide.mcu.externaltools.gnu-tools-for-stm32.10.3-2021.10.win32_1.0.0.202111181127/tools/bin/../lib/gcc/arm-none-eabi/10.3.1/thumb/v7-m/nofp/crtbegin.o
 .text          0x0000000008000170       0x14 d:/programs/stm32cubeide_1.10.1/stm32cubeide/plugins/com.st.stm32cube.ide.mcu.externaltools.gnu-tools-for-stm32.10.3-2021.10.win32_1.0.0.202111181127/tools/bin/../lib/gcc/arm-none-eabi/10.3.1/../../../../arm-none-eabi/lib/thumb/v7-m/nofp\libc_nano.a(lib_a-strcmp.o)
                0x0000000008000170                strcmp
 .text          0x0000000008000184       0x10 d:/programs/stm32cubeide_1.10.1/stm32cubeide/plugins/com.st.stm32cube.ide.mcu.externaltools.gnu-tools-for-stm32.10.3-2021.10.win32_1.0.0.202111181127/tools/bin/../lib/gcc/arm-none-eabi/10.3.1/../../../../arm-none-eabi/lib/thumb/v7-m/nofp\libc_nano.a(lib_a-strlen.o)
                0x0000000008000184                strlen
 .text          0x0000000008000194      0x378 d:/programs/stm32cubeide_1.10.1/stm32cubeide/plugins/com.st.stm32cube.ide.mcu.externaltools.gnu-tools-for-stm32.10.3-2021.10.win32_1.0.0.202111181127/tools/bin/../lib/gcc/arm-none-eabi/10.3.1/thumb/v7-m/nofp\libgcc.a(_arm_addsubdf3.o)
                0x0000000008000194                __aeabi_drsub
                0x000000000800019c                __aeabi_dsub
                0x000000000800019c                __subdf3
                0x00000000080001a0                __aeabi_dadd
                0x00000000080001a0                __adddf3
                0x0000000008000418                __floatunsidf
                0x0000000008000418                __aeabi_ui2d
                0x0000000008000438                __floatsidf
                0x0000000008000438                __aeabi_i2d
                0x000000000800045c                __aeabi_f2d
                0x000000000800045c                __extendsfdf2
                0x00000000080004a0                __floatundidf
                0x00000000080004a0                __aeabi_ul2d
                0x00000000080004b0                __floatdidf
                0x00000000080004b0                __aeabi_l2d
 .text          0x000000000800050c      0x424 d:/programs/stm32cubeide_1.10.1/stm32cubeide/plugins/com.st.stm32cube.ide.mcu.externaltools.gnu-tools-for-stm32.10.3-2021.10.win32_1.0.0.202111181127/tools/bin/../lib/gcc/arm-none-eabi/10.3.1/thumb/v7-m/nofp\libgcc.a(_arm_muldivdf3.o)
                0x000000000800050c                __aeabi_dmul
                0x000000000800050c                __muldf3
                0x0000000008000760                __divdf3
                0x0000000008000760                __aeabi_ddiv
 .text          0x0000000008000930      0x110 d:/programs/stm32cubeide_1.10.1/stm32cubeide/plugins/com.st.stm32cube.ide.mcu.externaltools.gnu-tools-for-stm32.10.3-2021.10.win32_1.0.0.202111181127/tools/bin/../lib/gcc/arm-none-eabi/10.3.1/thumb/v7-m/nofp\libgcc.a(_arm_cmpdf2.o)
                0x0000000008000930                __gtdf2
                0x0000000008000930                __gedf2
                0x0000000008000938                __ltdf2
                0x0000000008000938                __ledf2
                0x0000000008000940                __nedf2
                0x0000000008000940                __eqdf2
                0x0000000008000940                __cmpdf2
                0x00000000080009bc                __aeabi_cdrcmple
                0x00000000080009cc                __aeabi_cdcmpeq
                0x00000000080009cc                __aeabi_cdcmple
                0x00000000080009dc                __aeabi_dcmpeq
                0x00000000080009f0                __aeabi_dcmplt
                0x0000000008000a04                __aeabi_dcmple
                0x0000000008000a18                __aeabi_dcmpge
                0x0000000008000a2c                __aeabi_dcmpgt
 .text          0x0000000008000a40       0x2c d:/programs/stm32cubeide_1.10.1/stm32cubeide/plugins/com.st.stm32cube.ide.mcu.externaltools.gnu-tools-for-stm32.10.3-2021.10.win32_1.0.0.202111181127/tools/bin/../lib/gcc/arm-none-eabi/10.3.1/thumb/v7-m/nofp\libgcc.a(_arm_unorddf2.o)
                0x0000000008000a40                __unorddf2
                0x0000000008000a40                __aeabi_dcmpun
 .text          0x0000000008000a6c       0x50 d:/programs/stm32cubeide_1.10.1/stm32cubeide/plugins/com.st.stm32cube.ide.mcu.externaltools.gnu-tools-for-stm32.10.3-2021.10.win32_1.0.0.202111181127/tools/bin/../lib/gcc/arm-none-eabi/10.3.1/thumb/v7-m/nofp\libgcc.a(_arm_fixdfsi.o)
                0x0000000008000a6c                __aeabi_d2iz
                0x0000000008000a6c                __fixdfsi
 .text          0x0000000008000abc       0x40 d:/programs/stm32cubeide_1.10.1/stm32cubeide/plugins/com.st.stm32cube.ide.mcu.externaltools.gnu-tools-for-stm32.10.3-2021.10.win32_1.0.0.202111181127/tools/bin/../lib/gcc/arm-none-eabi/10.3.1/thumb/v7-m/nofp\libgcc.a(_arm_fixunsdfsi.o)
                0x0000000008000abc                __aeabi_d2uiz
                0x0000000008000abc                __fixunsdfsi
 .text          0x0000000008000afc      0x21c d:/programs/stm32cubeide_1.10.1/stm32cubeide/plugins/com.st.stm32cube.ide.mcu.externaltools.gnu-tools-for-stm32.10.3-2021.10.win32_1.0.0.202111181127/tools/bin/../lib/gcc/arm-none-eabi/10.3.1/thumb/v7-m/nofp\libgcc.a(_arm_addsubsf3.o)
                0x0000000008000afc                __aeabi_frsub
                0x0000000008000b04                __subsf3
                0x0000000008000b04                __aeabi_fsub
                0x0000000008000b08                __aeabi_fadd
                0x0000000008000b08                __addsf3
                0x0000000008000c68                __aeabi_ui2f
                0x0000000008000c68                __floatunsisf
                0x0000000008000c70                __aeabi_i2f
                0x0000000008000c70                __floatsisf
                0x0000000008000c8c                __aeabi_ul2f
                0x0000000008000c8c                __floatundisf
                0x0000000008000c9c                __aeabi_l2f
                0x0000000008000c9c                __floatdisf
 .text          0x0000000008000d18      0x2a0 d:/programs/stm32cubeide_1.10.1/stm32cubeide/plugins/com.st.stm32cube.ide.mcu.externaltools.gnu-tools-for-stm32.10.3-2021.10.win32_1.0.0.202111181127/tools/bin/../lib/gcc/arm-none-eabi/10.3.1/thumb/v7-m/nofp\libgcc.a(_arm_muldivsf3.o)
                0x0000000008000d18                __mulsf3
                0x0000000008000d18                __aeabi_fmul
                0x0000000008000e80                __aeabi_fdiv
                0x0000000008000e80                __divsf3
 .text          0x0000000008000fb8       0x40 d:/programs/stm32cubeide_1.10.1/stm32cubeide/plugins/com.st.stm32cube.ide.mcu.externaltools.gnu-tools-for-stm32.10.3-2021.10.win32_1.0.0.202111181127/tools/bin/../lib/gcc/arm-none-eabi/10.3.1/thumb/v7-m/nofp\libgcc.a(_arm_fixunssfsi.o)
                0x0000000008000fb8                __fixunssfsi
                0x0000000008000fb8                __aeabi_f2uiz
 .text          0x0000000008000ff8       0x34 d:/programs/stm32cubeide_1.10.1/stm32cubeide/plugins/com.st.stm32cube.ide.mcu.externaltools.gnu-tools-for-stm32.10.3-2021.10.win32_1.0.0.202111181127/tools/bin/../lib/gcc/arm-none-eabi/10.3.1/thumb/v7-m/nofp\libgcc.a(_fixdfdi.o)
                0x0000000008000ff8                __fixdfdi
                0x0000000008000ff8                __aeabi_d2lz
 .text          0x000000000800102c       0x3c d:/programs/stm32cubeide_1.10.1/stm32cubeide/plugins/com.st.stm32cube.ide.mcu.externaltools.gnu-tools-for-stm32.10.3-2021.10.win32_1.0.0.202111181127/tools/bin/../lib/gcc/arm-none-eabi/10.3.1/thumb/v7-m/nofp\libgcc.a(_fixunsdfdi.o)
                0x000000000800102c                __fixunsdfdi
                0x000000000800102c                __aeabi_d2ulz
 *(.text*)
 .text.RCC_voidInitSysClock
                0x0000000008001068       0x2c ./Src/01-MCAL/00-RCC/RCC_program.o
                0x0000000008001068                RCC_voidInitSysClock
 .text.RCC_voidEnableClock
                0x0000000008001094       0x84 ./Src/01-MCAL/00-RCC/RCC_program.o
                0x0000000008001094                RCC_voidEnableClock
 .text.PORT_voidInit
                0x0000000008001118       0x60 ./Src/01-MCAL/01-PORT/PORT_program.o
                0x0000000008001118                PORT_voidInit
 .text.MDIO_u8WriteChannel
                0x0000000008001178       0xc8 ./Src/01-MCAL/02-DIO/DIO_program.o
                0x0000000008001178                MDIO_u8WriteChannel
 .text.MDIO_u8ReadChannel
                0x0000000008001240       0x9c ./Src/01-MCAL/02-DIO/DIO_program.o
                0x0000000008001240                MDIO_u8ReadChannel
 .text.MSTK_voidClkSrcInit
                0x00000000080012dc       0x1c ./Src/01-MCAL/03-STK/STK_program.o
                0x00000000080012dc                MSTK_voidClkSrcInit
 .text.MSTK_voidClearCount
                0x00000000080012f8       0x24 ./Src/01-MCAL/03-STK/STK_program.o
                0x00000000080012f8                MSTK_voidClearCount
 .text.MSTK_voidSetBusyWait
                0x000000000800131c       0x3c ./Src/01-MCAL/03-STK/STK_program.o
                0x000000000800131c                MSTK_voidSetBusyWait
 .text.MSTK_u8SetIntervalPeriodic
                0x0000000008001358       0x44 ./Src/01-MCAL/03-STK/STK_program.o
                0x0000000008001358                MSTK_u8SetIntervalPeriodic
 .text.MSTK_voidStopInterval
                0x000000000800139c       0x28 ./Src/01-MCAL/03-STK/STK_program.o
                0x000000000800139c                MSTK_voidStopInterval
 .text.MSTK_u8SetCallBackFunc
                0x00000000080013c4       0x30 ./Src/01-MCAL/03-STK/STK_program.o
                0x00000000080013c4                MSTK_u8SetCallBackFunc
 .text.SysTick_Handler
                0x00000000080013f4       0x3c ./Src/01-MCAL/03-STK/STK_program.o
                0x00000000080013f4                SysTick_Handler
 .text.EXTI0_IRQHandler
                0x0000000008001430       0x2c ./Src/01-MCAL/05-EXTI/EXTI_program.o
                0x0000000008001430                EXTI0_IRQHandler
 .text.EXTI1_IRQHandler
                0x000000000800145c       0x2c ./Src/01-MCAL/05-EXTI/EXTI_program.o
                0x000000000800145c                EXTI1_IRQHandler
 .text.EXTI2_IRQHandler
                0x0000000008001488       0x2c ./Src/01-MCAL/05-EXTI/EXTI_program.o
                0x0000000008001488                EXTI2_IRQHandler
 .text.EXTI3_IRQHandler
                0x00000000080014b4       0x2c ./Src/01-MCAL/05-EXTI/EXTI_program.o
                0x00000000080014b4                EXTI3_IRQHandler
 .text.EXTI4_IRQHandler
                0x00000000080014e0       0x2c ./Src/01-MCAL/05-EXTI/EXTI_program.o
                0x00000000080014e0                EXTI4_IRQHandler
 .text.MTIM2_voidInit
                0x000000000800150c       0x76 ./Src/01-MCAL/08-TIM/TIM_program.o
                0x000000000800150c                MTIM2_voidInit
 *fill*         0x0000000008001582        0x2 
 .text.MTIM3_voidInit
                0x0000000008001584       0x60 ./Src/01-MCAL/08-TIM/TIM_program.o
                0x0000000008001584                MTIM3_voidInit
 .text.MTIM2_voidSetBusyWait
                0x00000000080015e4       0x46 ./Src/01-MCAL/08-TIM/TIM_program.o
                0x00000000080015e4                MTIM2_voidSetBusyWait
 *fill*         0x000000000800162a        0x2 
 .text.MTIM2_voidStartCounter
                0x000000000800162c       0x28 ./Src/01-MCAL/08-TIM/TIM_program.o
                0x000000000800162c                MTIM2_voidStartCounter
 .text.TIM2_IRQHandler
                0x0000000008001654       0x38 ./Src/01-MCAL/08-TIM/TIM_program.o
                0x0000000008001654                TIM2_IRQHandler
 .text.TIM3_IRQHandler
                0x000000000800168c       0x38 ./Src/01-MCAL/08-TIM/TIM_program.o
                0x000000000800168c                TIM3_IRQHandler
 .text.TIM4_IRQHandler
                0x00000000080016c4       0x38 ./Src/01-MCAL/08-TIM/TIM_program.o
                0x00000000080016c4                TIM4_IRQHandler
 .text.USART_voidInit
                0x00000000080016fc      0x27c ./Src/01-MCAL/11-USART/USART_program.o
                0x00000000080016fc                USART_voidInit
 .text.USART_voidTransmitByteSynch
                0x0000000008001978       0x58 ./Src/01-MCAL/11-USART/USART_program.o
                0x0000000008001978                USART_voidTransmitByteSynch
 .text.USART_voidReceiveByteSynch
                0x00000000080019d0       0x54 ./Src/01-MCAL/11-USART/USART_program.o
                0x00000000080019d0                USART_voidReceiveByteSynch
 .text.USART_voidSendString
                0x0000000008001a24       0x38 ./Src/01-MCAL/11-USART/USART_program.o
                0x0000000008001a24                USART_voidSendString
 .text.ADC1_voidSingleChannelInit
                0x0000000008001a5c       0xb8 ./Src/01-MCAL/12-ADC/ADC_program.o
                0x0000000008001a5c                ADC1_voidSingleChannelInit
 .text.ADC1_u8SingleChannelCheck
                0x0000000008001b14       0x2c ./Src/01-MCAL/12-ADC/ADC_program.o
                0x0000000008001b14                ADC1_u8SingleChannelCheck
 .text.ADC1_voidSingleChannelRX
                0x0000000008001b40       0x88 ./Src/01-MCAL/12-ADC/ADC_program.o
                0x0000000008001b40                ADC1_voidSingleChannelRX
 .text.OS_CreateTask
                0x0000000008001bc8       0x60 ./Src/02-SERVICE/OS/OS_program.o
                0x0000000008001bc8                OS_CreateTask
 .text.OS_voidStart
                0x0000000008001c28       0x20 ./Src/02-SERVICE/OS/OS_program.o
                0x0000000008001c28                OS_voidStart
 .text.OS_voidModifyPeriodictyTask
                0x0000000008001c48       0x30 ./Src/02-SERVICE/OS/OS_program.o
                0x0000000008001c48                OS_voidModifyPeriodictyTask
 .text.OS_voidScheduler
                0x0000000008001c78       0xc8 ./Src/02-SERVICE/OS/OS_program.o
                0x0000000008001c78                OS_voidScheduler
 .text.HTEMP_f32GetTemp
                0x0000000008001d40       0x6c ./Src/03-HAL/01-TEMP_SENSOR/TEMP_program.o
                0x0000000008001d40                HTEMP_f32GetTemp
 .text.HLDR_f32GetReading
                0x0000000008001dac       0x6c ./Src/03-HAL/02-LIGHT_SENSOR/LIGHT_program.o
                0x0000000008001dac                HLDR_f32GetReading
 .text.HRELAY_voidON
                0x0000000008001e18       0x12 ./Src/03-HAL/03-RELAY/RELAY_program.o
                0x0000000008001e18                HRELAY_voidON
 .text.HRELAY_voidOFF
                0x0000000008001e2a       0x12 ./Src/03-HAL/03-RELAY/RELAY_program.o
                0x0000000008001e2a                HRELAY_voidOFF
 .text.HRELAY_u8LastStatus
                0x0000000008001e3c       0x2a ./Src/03-HAL/03-RELAY/RELAY_program.o
                0x0000000008001e3c                HRELAY_u8LastStatus
 *fill*         0x0000000008001e66        0x2 
 .text.cJSON_GetErrorPtr
                0x0000000008001e68       0x1c ./Src/CJSON/cJSON.o
                0x0000000008001e68                cJSON_GetErrorPtr
 .text.case_insensitive_strcmp
                0x0000000008001e84       0xd8 ./Src/CJSON/cJSON.o
 .text.cJSON_strdup
                0x0000000008001f5c       0x50 ./Src/CJSON/cJSON.o
 .text.cJSON_New_Item
                0x0000000008001fac       0x2c ./Src/CJSON/cJSON.o
 .text.cJSON_Delete
                0x0000000008001fd8       0xa0 ./Src/CJSON/cJSON.o
                0x0000000008001fd8                cJSON_Delete
 .text.get_decimal_point
                0x0000000008002078        0xe ./Src/CJSON/cJSON.o
 *fill*         0x0000000008002086        0x2 
 .text.parse_number
                0x0000000008002088      0x1dc ./Src/CJSON/cJSON.o
 .text.ensure   0x0000000008002264      0x134 ./Src/CJSON/cJSON.o
 .text.update_offset
                0x0000000008002398       0x42 ./Src/CJSON/cJSON.o
 *fill*         0x00000000080023da        0x2 
 .text.compare_double
                0x00000000080023dc       0xa0 ./Src/CJSON/cJSON.o
 .text.print_number
                0x000000000800247c      0x1d8 ./Src/CJSON/cJSON.o
 .text.parse_hex4
                0x0000000008002654       0xc2 ./Src/CJSON/cJSON.o
 *fill*         0x0000000008002716        0x2 
 .text.utf16_literal_to_utf8
                0x0000000008002718      0x1d0 ./Src/CJSON/cJSON.o
 .text.parse_string
                0x00000000080028e8      0x290 ./Src/CJSON/cJSON.o
 .text.print_string_ptr
                0x0000000008002b78      0x260 ./Src/CJSON/cJSON.o
 .text.print_string
                0x0000000008002dd8       0x20 ./Src/CJSON/cJSON.o
 .text.buffer_skip_whitespace
                0x0000000008002df8       0x7e ./Src/CJSON/cJSON.o
 *fill*         0x0000000008002e76        0x2 
 .text.skip_utf8_bom
                0x0000000008002e78       0x68 ./Src/CJSON/cJSON.o
 .text.cJSON_ParseWithOpts
                0x0000000008002ee0       0x38 ./Src/CJSON/cJSON.o
                0x0000000008002ee0                cJSON_ParseWithOpts
 .text.cJSON_ParseWithLengthOpts
                0x0000000008002f18      0x134 ./Src/CJSON/cJSON.o
                0x0000000008002f18                cJSON_ParseWithLengthOpts
 .text.cJSON_Parse
                0x000000000800304c       0x1c ./Src/CJSON/cJSON.o
                0x000000000800304c                cJSON_Parse
 .text.print    0x0000000008003068      0x114 ./Src/CJSON/cJSON.o
 .text.cJSON_PrintUnformatted
                0x000000000800317c       0x20 ./Src/CJSON/cJSON.o
                0x000000000800317c                cJSON_PrintUnformatted
 .text.parse_value
                0x000000000800319c      0x1d8 ./Src/CJSON/cJSON.o
 .text.print_value
                0x0000000008003374      0x1c8 ./Src/CJSON/cJSON.o
 .text.parse_array
                0x000000000800353c      0x188 ./Src/CJSON/cJSON.o
 .text.print_array
                0x00000000080036c4      0x10c ./Src/CJSON/cJSON.o
 .text.parse_object
                0x00000000080037d0      0x218 ./Src/CJSON/cJSON.o
 .text.print_object
                0x00000000080039e8      0x23c ./Src/CJSON/cJSON.o
 .text.get_object_item
                0x0000000008003c24       0x90 ./Src/CJSON/cJSON.o
 .text.cJSON_GetObjectItem
                0x0000000008003cb4       0x1e ./Src/CJSON/cJSON.o
                0x0000000008003cb4                cJSON_GetObjectItem
 .text.suffix_object
                0x0000000008003cd2       0x20 ./Src/CJSON/cJSON.o
 .text.add_item_to_array
                0x0000000008003cf2       0x6c ./Src/CJSON/cJSON.o
 .text.cast_away_const
                0x0000000008003d5e       0x14 ./Src/CJSON/cJSON.o
 .text.add_item_to_object
                0x0000000008003d72       0xaa ./Src/CJSON/cJSON.o
 .text.cJSON_AddStringToObject
                0x0000000008003e1c       0x44 ./Src/CJSON/cJSON.o
                0x0000000008003e1c                cJSON_AddStringToObject
 .text.cJSON_CreateString
                0x0000000008003e60       0x4c ./Src/CJSON/cJSON.o
                0x0000000008003e60                cJSON_CreateString
 .text.cJSON_CreateObject
                0x0000000008003eac       0x28 ./Src/CJSON/cJSON.o
                0x0000000008003eac                cJSON_CreateObject
 .text.main     0x0000000008003ed4       0xb8 ./Src/main.o
                0x0000000008003ed4                main
 .text.ReadTemp
                0x0000000008003f8c       0x48 ./Src/main.o
                0x0000000008003f8c                ReadTemp
 .text.ReadLight
                0x0000000008003fd4       0x48 ./Src/main.o
                0x0000000008003fd4                ReadLight
 .text.reply_json_data
                0x000000000800401c       0x90 ./Src/main.o
                0x000000000800401c                reply_json_data
 .text.send_and_parse_json
                0x00000000080040ac      0x370 ./Src/main.o
                0x00000000080040ac                send_and_parse_json
 .text.IntToStr
                0x000000000800441c       0x28 ./Src/main.o
                0x000000000800441c                IntToStr
 .text.string_to_unsigned_int
                0x0000000008004444       0x66 ./Src/main.o
                0x0000000008004444                string_to_unsigned_int
 .text._getpid  0x00000000080044aa        0xe ./Src/syscalls.o
                0x00000000080044aa                _getpid
 .text._kill    0x00000000080044b8       0x20 ./Src/syscalls.o
                0x00000000080044b8                _kill
 .text._exit    0x00000000080044d8       0x14 ./Src/syscalls.o
                0x00000000080044d8                _exit
 .text._read    0x00000000080044ec       0x3a ./Src/syscalls.o
                0x00000000080044ec                _read
 .text._write   0x0000000008004526       0x38 ./Src/syscalls.o
                0x0000000008004526                _write
 .text._close   0x000000000800455e       0x16 ./Src/syscalls.o
                0x000000000800455e                _close
 .text._fstat   0x0000000008004574       0x1e ./Src/syscalls.o
                0x0000000008004574                _fstat
 .text._isatty  0x0000000008004592       0x14 ./Src/syscalls.o
                0x0000000008004592                _isatty
 .text._lseek   0x00000000080045a6       0x18 ./Src/syscalls.o
                0x00000000080045a6                _lseek
 *fill*         0x00000000080045be        0x2 
 .text._sbrk    0x00000000080045c0       0x6c ./Src/sysmem.o
                0x00000000080045c0                _sbrk
 .text.Reset_Handler
                0x000000000800462c       0x50 ./Startup/startup_stm32f103c8tx.o
                0x000000000800462c                Reset_Handler
 .text.Default_Handler
                0x000000000800467c        0x2 ./Startup/startup_stm32f103c8tx.o
                0x000000000800467c                TIM8_TRG_COM_IRQHandler
                0x000000000800467c                TIM8_CC_IRQHandler
                0x000000000800467c                DebugMon_Handler
                0x000000000800467c                TIM1_CC_IRQHandler
                0x000000000800467c                HardFault_Handler
                0x000000000800467c                TIM6_IRQHandler
                0x000000000800467c                PVD_IRQHandler
                0x000000000800467c                SDIO_IRQHandler
                0x000000000800467c                PendSV_Handler
                0x000000000800467c                NMI_Handler
                0x000000000800467c                USB_HP_CAN_TX_IRQHandler
                0x000000000800467c                I2C2_EV_IRQHandler
                0x000000000800467c                UsageFault_Handler
                0x000000000800467c                ADC1_2_IRQHandler
                0x000000000800467c                SPI1_IRQHandler
                0x000000000800467c                CAN_SCE_IRQHandler
                0x000000000800467c                TAMPER_IRQHandler
                0x000000000800467c                TIM8_UP_IRQHandler
                0x000000000800467c                DMA2_Channel2_IRQHandler
                0x000000000800467c                DMA1_Channel4_IRQHandler
                0x000000000800467c                USART3_IRQHandler
                0x000000000800467c                RTC_IRQHandler
                0x000000000800467c                DMA1_Channel7_IRQHandler
                0x000000000800467c                UART5_IRQHandler
                0x000000000800467c                ADC3_IRQHandler
                0x000000000800467c                CAN_RX1_IRQHandler
                0x000000000800467c                DMA2_Channel1_IRQHandler
                0x000000000800467c                I2C1_EV_IRQHandler
                0x000000000800467c                DMA1_Channel6_IRQHandler
                0x000000000800467c                UART4_IRQHandler
                0x000000000800467c                RCC_IRQHandler
                0x000000000800467c                TIM1_TRG_COM_IRQHandler
                0x000000000800467c                DMA1_Channel1_IRQHandler
                0x000000000800467c                Default_Handler
                0x000000000800467c                EXTI15_10_IRQHandler
                0x000000000800467c                TIM7_IRQHandler
                0x000000000800467c                TIM5_IRQHandler
                0x000000000800467c                EXTI9_5_IRQHandler
                0x000000000800467c                SPI2_IRQHandler
                0x000000000800467c                USB_LP_CAN_RX0_IRQHandler
                0x000000000800467c                MemManage_Handler
                0x000000000800467c                SVC_Handler
                0x000000000800467c                DMA1_Channel5_IRQHandler
                0x000000000800467c                DMA1_Channel3_IRQHandler
                0x000000000800467c                FSMC_IRQHandler
                0x000000000800467c                TIM1_UP_IRQHandler
                0x000000000800467c                WWDG_IRQHandler
                0x000000000800467c                TIM1_BRK_IRQHandler
                0x000000000800467c                RTCAlarm_IRQHandler
                0x000000000800467c                DMA2_Channel4_5_IRQHandler
                0x000000000800467c                USART2_IRQHandler
                0x000000000800467c                I2C2_ER_IRQHandler
                0x000000000800467c                DMA1_Channel2_IRQHandler
                0x000000000800467c                TIM8_BRK_IRQHandler
                0x000000000800467c                FLASH_IRQHandler
                0x000000000800467c                BusFault_Handler
                0x000000000800467c                USART1_IRQHandler
                0x000000000800467c                SPI3_IRQHandler
                0x000000000800467c                I2C1_ER_IRQHandler
                0x000000000800467c                DMA2_Channel3_IRQHandler
 *fill*         0x000000000800467e        0x2 
 .text.__errno  0x0000000008004680        0xc d:/programs/stm32cubeide_1.10.1/stm32cubeide/plugins/com.st.stm32cube.ide.mcu.externaltools.gnu-tools-for-stm32.10.3-2021.10.win32_1.0.0.202111181127/tools/bin/../lib/gcc/arm-none-eabi/10.3.1/../../../../arm-none-eabi/lib/thumb/v7-m/nofp\libc_nano.a(lib_a-errno.o)
                0x0000000008004680                __errno
 .text.__libc_init_array
                0x000000000800468c       0x48 d:/programs/stm32cubeide_1.10.1/stm32cubeide/plugins/com.st.stm32cube.ide.mcu.externaltools.gnu-tools-for-stm32.10.3-2021.10.win32_1.0.0.202111181127/tools/bin/../lib/gcc/arm-none-eabi/10.3.1/../../../../arm-none-eabi/lib/thumb/v7-m/nofp\libc_nano.a(lib_a-init.o)
                0x000000000800468c                __libc_init_array
 .text.malloc   0x00000000080046d4       0x10 d:/programs/stm32cubeide_1.10.1/stm32cubeide/plugins/com.st.stm32cube.ide.mcu.externaltools.gnu-tools-for-stm32.10.3-2021.10.win32_1.0.0.202111181127/tools/bin/../lib/gcc/arm-none-eabi/10.3.1/../../../../arm-none-eabi/lib/thumb/v7-m/nofp\libc_nano.a(lib_a-malloc.o)
                0x00000000080046d4                malloc
 .text.free     0x00000000080046e4       0x10 d:/programs/stm32cubeide_1.10.1/stm32cubeide/plugins/com.st.stm32cube.ide.mcu.externaltools.gnu-tools-for-stm32.10.3-2021.10.win32_1.0.0.202111181127/tools/bin/../lib/gcc/arm-none-eabi/10.3.1/../../../../arm-none-eabi/lib/thumb/v7-m/nofp\libc_nano.a(lib_a-malloc.o)
                0x00000000080046e4                free
 .text.memcpy   0x00000000080046f4       0x1c d:/programs/stm32cubeide_1.10.1/stm32cubeide/plugins/com.st.stm32cube.ide.mcu.externaltools.gnu-tools-for-stm32.10.3-2021.10.win32_1.0.0.202111181127/tools/bin/../lib/gcc/arm-none-eabi/10.3.1/../../../../arm-none-eabi/lib/thumb/v7-m/nofp\libc_nano.a(lib_a-memcpy-stub.o)
                0x00000000080046f4                memcpy
 .text.memset   0x0000000008004710       0x10 d:/programs/stm32cubeide_1.10.1/stm32cubeide/plugins/com.st.stm32cube.ide.mcu.externaltools.gnu-tools-for-stm32.10.3-2021.10.win32_1.0.0.202111181127/tools/bin/../lib/gcc/arm-none-eabi/10.3.1/../../../../arm-none-eabi/lib/thumb/v7-m/nofp\libc_nano.a(lib_a-memset.o)
                0x0000000008004710                memset
 .text._free_r  0x0000000008004720       0x90 d:/programs/stm32cubeide_1.10.1/stm32cubeide/plugins/com.st.stm32cube.ide.mcu.externaltools.gnu-tools-for-stm32.10.3-2021.10.win32_1.0.0.202111181127/tools/bin/../lib/gcc/arm-none-eabi/10.3.1/../../../../arm-none-eabi/lib/thumb/v7-m/nofp\libc_nano.a(lib_a-nano-freer.o)
                0x0000000008004720                _free_r
 .text.sbrk_aligned
                0x00000000080047b0       0x40 d:/programs/stm32cubeide_1.10.1/stm32cubeide/plugins/com.st.stm32cube.ide.mcu.externaltools.gnu-tools-for-stm32.10.3-2021.10.win32_1.0.0.202111181127/tools/bin/../lib/gcc/arm-none-eabi/10.3.1/../../../../arm-none-eabi/lib/thumb/v7-m/nofp\libc_nano.a(lib_a-nano-mallocr.o)
 .text._malloc_r
                0x00000000080047f0       0xe8 d:/programs/stm32cubeide_1.10.1/stm32cubeide/plugins/com.st.stm32cube.ide.mcu.externaltools.gnu-tools-for-stm32.10.3-2021.10.win32_1.0.0.202111181127/tools/bin/../lib/gcc/arm-none-eabi/10.3.1/../../../../arm-none-eabi/lib/thumb/v7-m/nofp\libc_nano.a(lib_a-nano-mallocr.o)
                0x00000000080047f0                _malloc_r
 .text.realloc  0x00000000080048d8       0x10 d:/programs/stm32cubeide_1.10.1/stm32cubeide/plugins/com.st.stm32cube.ide.mcu.externaltools.gnu-tools-for-stm32.10.3-2021.10.win32_1.0.0.202111181127/tools/bin/../lib/gcc/arm-none-eabi/10.3.1/../../../../arm-none-eabi/lib/thumb/v7-m/nofp\libc_nano.a(lib_a-realloc.o)
                0x00000000080048d8                realloc
 .text._sbrk_r  0x00000000080048e8       0x20 d:/programs/stm32cubeide_1.10.1/stm32cubeide/plugins/com.st.stm32cube.ide.mcu.externaltools.gnu-tools-for-stm32.10.3-2021.10.win32_1.0.0.202111181127/tools/bin/../lib/gcc/arm-none-eabi/10.3.1/../../../../arm-none-eabi/lib/thumb/v7-m/nofp\libc_nano.a(lib_a-sbrkr.o)
                0x00000000080048e8                _sbrk_r
 .text.sprintf  0x0000000008004908       0x40 d:/programs/stm32cubeide_1.10.1/stm32cubeide/plugins/com.st.stm32cube.ide.mcu.externaltools.gnu-tools-for-stm32.10.3-2021.10.win32_1.0.0.202111181127/tools/bin/../lib/gcc/arm-none-eabi/10.3.1/../../../../arm-none-eabi/lib/thumb/v7-m/nofp\libc_nano.a(lib_a-sprintf.o)
                0x0000000008004908                siprintf
                0x0000000008004908                sprintf
 .text.sscanf   0x0000000008004948       0x54 d:/programs/stm32cubeide_1.10.1/stm32cubeide/plugins/com.st.stm32cube.ide.mcu.externaltools.gnu-tools-for-stm32.10.3-2021.10.win32_1.0.0.202111181127/tools/bin/../lib/gcc/arm-none-eabi/10.3.1/../../../../arm-none-eabi/lib/thumb/v7-m/nofp\libc_nano.a(lib_a-sscanf.o)
                0x0000000008004948                siscanf
                0x0000000008004948                sscanf
 .text.__sread  0x000000000800499c       0x22 d:/programs/stm32cubeide_1.10.1/stm32cubeide/plugins/com.st.stm32cube.ide.mcu.externaltools.gnu-tools-for-stm32.10.3-2021.10.win32_1.0.0.202111181127/tools/bin/../lib/gcc/arm-none-eabi/10.3.1/../../../../arm-none-eabi/lib/thumb/v7-m/nofp\libc_nano.a(lib_a-stdio.o)
                0x000000000800499c                __sread
 .text.__seofread
                0x00000000080049be        0x4 d:/programs/stm32cubeide_1.10.1/stm32cubeide/plugins/com.st.stm32cube.ide.mcu.externaltools.gnu-tools-for-stm32.10.3-2021.10.win32_1.0.0.202111181127/tools/bin/../lib/gcc/arm-none-eabi/10.3.1/../../../../arm-none-eabi/lib/thumb/v7-m/nofp\libc_nano.a(lib_a-stdio.o)
                0x00000000080049be                __seofread
 .text.__swrite
                0x00000000080049c2       0x38 d:/programs/stm32cubeide_1.10.1/stm32cubeide/plugins/com.st.stm32cube.ide.mcu.externaltools.gnu-tools-for-stm32.10.3-2021.10.win32_1.0.0.202111181127/tools/bin/../lib/gcc/arm-none-eabi/10.3.1/../../../../arm-none-eabi/lib/thumb/v7-m/nofp\libc_nano.a(lib_a-stdio.o)
                0x00000000080049c2                __swrite
 .text.__sseek  0x00000000080049fa       0x24 d:/programs/stm32cubeide_1.10.1/stm32cubeide/plugins/com.st.stm32cube.ide.mcu.externaltools.gnu-tools-for-stm32.10.3-2021.10.win32_1.0.0.202111181127/tools/bin/../lib/gcc/arm-none-eabi/10.3.1/../../../../arm-none-eabi/lib/thumb/v7-m/nofp\libc_nano.a(lib_a-stdio.o)
                0x00000000080049fa                __sseek
 .text.__sclose
                0x0000000008004a1e        0x8 d:/programs/stm32cubeide_1.10.1/stm32cubeide/plugins/com.st.stm32cube.ide.mcu.externaltools.gnu-tools-for-stm32.10.3-2021.10.win32_1.0.0.202111181127/tools/bin/../lib/gcc/arm-none-eabi/10.3.1/../../../../arm-none-eabi/lib/thumb/v7-m/nofp\libc_nano.a(lib_a-stdio.o)
                0x0000000008004a1e                __sclose
 .text.strncmp  0x0000000008004a26       0x28 d:/programs/stm32cubeide_1.10.1/stm32cubeide/plugins/com.st.stm32cube.ide.mcu.externaltools.gnu-tools-for-stm32.10.3-2021.10.win32_1.0.0.202111181127/tools/bin/../lib/gcc/arm-none-eabi/10.3.1/../../../../arm-none-eabi/lib/thumb/v7-m/nofp\libc_nano.a(lib_a-strncmp.o)
                0x0000000008004a26                strncmp
 .text.sulp     0x0000000008004a4e       0x42 d:/programs/stm32cubeide_1.10.1/stm32cubeide/plugins/com.st.stm32cube.ide.mcu.externaltools.gnu-tools-for-stm32.10.3-2021.10.win32_1.0.0.202111181127/tools/bin/../lib/gcc/arm-none-eabi/10.3.1/../../../../arm-none-eabi/lib/thumb/v7-m/nofp\libc_nano.a(lib_a-strtod.o)
 .text._strtod_l
                0x0000000008004a90      0xbd0 d:/programs/stm32cubeide_1.10.1/stm32cubeide/plugins/com.st.stm32cube.ide.mcu.externaltools.gnu-tools-for-stm32.10.3-2021.10.win32_1.0.0.202111181127/tools/bin/../lib/gcc/arm-none-eabi/10.3.1/../../../../arm-none-eabi/lib/thumb/v7-m/nofp\libc_nano.a(lib_a-strtod.o)
                0x0000000008004a90                _strtod_l
 .text.strtod   0x0000000008005660       0x18 d:/programs/stm32cubeide_1.10.1/stm32cubeide/plugins/com.st.stm32cube.ide.mcu.externaltools.gnu-tools-for-stm32.10.3-2021.10.win32_1.0.0.202111181127/tools/bin/../lib/gcc/arm-none-eabi/10.3.1/../../../../arm-none-eabi/lib/thumb/v7-m/nofp\libc_nano.a(lib_a-strtod.o)
                0x0000000008005660                strtod
 .text._write_r
                0x0000000008005678       0x24 d:/programs/stm32cubeide_1.10.1/stm32cubeide/plugins/com.st.stm32cube.ide.mcu.externaltools.gnu-tools-for-stm32.10.3-2021.10.win32_1.0.0.202111181127/tools/bin/../lib/gcc/arm-none-eabi/10.3.1/../../../../arm-none-eabi/lib/thumb/v7-m/nofp\libc_nano.a(lib_a-writer.o)
                0x0000000008005678                _write_r
 .text._close_r
                0x000000000800569c       0x20 d:/programs/stm32cubeide_1.10.1/stm32cubeide/plugins/com.st.stm32cube.ide.mcu.externaltools.gnu-tools-for-stm32.10.3-2021.10.win32_1.0.0.202111181127/tools/bin/../lib/gcc/arm-none-eabi/10.3.1/../../../../arm-none-eabi/lib/thumb/v7-m/nofp\libc_nano.a(lib_a-closer.o)
                0x000000000800569c                _close_r
 .text.rshift   0x00000000080056bc       0xa6 d:/programs/stm32cubeide_1.10.1/stm32cubeide/plugins/com.st.stm32cube.ide.mcu.externaltools.gnu-tools-for-stm32.10.3-2021.10.win32_1.0.0.202111181127/tools/bin/../lib/gcc/arm-none-eabi/10.3.1/../../../../arm-none-eabi/lib/thumb/v7-m/nofp\libc_nano.a(lib_a-gdtoa-gethex.o)
 .text.__hexdig_fun
                0x0000000008005762       0x2a d:/programs/stm32cubeide_1.10.1/stm32cubeide/plugins/com.st.stm32cube.ide.mcu.externaltools.gnu-tools-for-stm32.10.3-2021.10.win32_1.0.0.202111181127/tools/bin/../lib/gcc/arm-none-eabi/10.3.1/../../../../arm-none-eabi/lib/thumb/v7-m/nofp\libc_nano.a(lib_a-gdtoa-gethex.o)
                0x0000000008005762                __hexdig_fun
 .text.__gethex
                0x000000000800578c      0x478 d:/programs/stm32cubeide_1.10.1/stm32cubeide/plugins/com.st.stm32cube.ide.mcu.externaltools.gnu-tools-for-stm32.10.3-2021.10.win32_1.0.0.202111181127/tools/bin/../lib/gcc/arm-none-eabi/10.3.1/../../../../arm-none-eabi/lib/thumb/v7-m/nofp\libc_nano.a(lib_a-gdtoa-gethex.o)
                0x000000000800578c                __gethex
 .text.L_shift  0x0000000008005c04       0x24 d:/programs/stm32cubeide_1.10.1/stm32cubeide/plugins/com.st.stm32cube.ide.mcu.externaltools.gnu-tools-for-stm32.10.3-2021.10.win32_1.0.0.202111181127/tools/bin/../lib/gcc/arm-none-eabi/10.3.1/../../../../arm-none-eabi/lib/thumb/v7-m/nofp\libc_nano.a(lib_a-gdtoa-hexnan.o)
 .text.__match  0x0000000008005c28       0x28 d:/programs/stm32cubeide_1.10.1/stm32cubeide/plugins/com.st.stm32cube.ide.mcu.externaltools.gnu-tools-for-stm32.10.3-2021.10.win32_1.0.0.202111181127/tools/bin/../lib/gcc/arm-none-eabi/10.3.1/../../../../arm-none-eabi/lib/thumb/v7-m/nofp\libc_nano.a(lib_a-gdtoa-hexnan.o)
                0x0000000008005c28                __match
 .text.__hexnan
                0x0000000008005c50      0x138 d:/programs/stm32cubeide_1.10.1/stm32cubeide/plugins/com.st.stm32cube.ide.mcu.externaltools.gnu-tools-for-stm32.10.3-2021.10.win32_1.0.0.202111181127/tools/bin/../lib/gcc/arm-none-eabi/10.3.1/../../../../arm-none-eabi/lib/thumb/v7-m/nofp\libc_nano.a(lib_a-gdtoa-hexnan.o)
                0x0000000008005c50                __hexnan
 .text._lseek_r
                0x0000000008005d88       0x24 d:/programs/stm32cubeide_1.10.1/stm32cubeide/plugins/com.st.stm32cube.ide.mcu.externaltools.gnu-tools-for-stm32.10.3-2021.10.win32_1.0.0.202111181127/tools/bin/../lib/gcc/arm-none-eabi/10.3.1/../../../../arm-none-eabi/lib/thumb/v7-m/nofp\libc_nano.a(lib_a-lseekr.o)
                0x0000000008005d88                _lseek_r
 .text.__ascii_mbtowc
                0x0000000008005dac       0x24 d:/programs/stm32cubeide_1.10.1/stm32cubeide/plugins/com.st.stm32cube.ide.mcu.externaltools.gnu-tools-for-stm32.10.3-2021.10.win32_1.0.0.202111181127/tools/bin/../lib/gcc/arm-none-eabi/10.3.1/../../../../arm-none-eabi/lib/thumb/v7-m/nofp\libc_nano.a(lib_a-mbtowc_r.o)
                0x0000000008005dac                __ascii_mbtowc
 .text.__malloc_lock
                0x0000000008005dd0        0xc d:/programs/stm32cubeide_1.10.1/stm32cubeide/plugins/com.st.stm32cube.ide.mcu.externaltools.gnu-tools-for-stm32.10.3-2021.10.win32_1.0.0.202111181127/tools/bin/../lib/gcc/arm-none-eabi/10.3.1/../../../../arm-none-eabi/lib/thumb/v7-m/nofp\libc_nano.a(lib_a-mlock.o)
                0x0000000008005dd0                __malloc_lock
 .text.__malloc_unlock
                0x0000000008005ddc        0xc d:/programs/stm32cubeide_1.10.1/stm32cubeide/plugins/com.st.stm32cube.ide.mcu.externaltools.gnu-tools-for-stm32.10.3-2021.10.win32_1.0.0.202111181127/tools/bin/../lib/gcc/arm-none-eabi/10.3.1/../../../../arm-none-eabi/lib/thumb/v7-m/nofp\libc_nano.a(lib_a-mlock.o)
                0x0000000008005ddc                __malloc_unlock
 .text._Balloc  0x0000000008005de8       0x80 d:/programs/stm32cubeide_1.10.1/stm32cubeide/plugins/com.st.stm32cube.ide.mcu.externaltools.gnu-tools-for-stm32.10.3-2021.10.win32_1.0.0.202111181127/tools/bin/../lib/gcc/arm-none-eabi/10.3.1/../../../../arm-none-eabi/lib/thumb/v7-m/nofp\libc_nano.a(lib_a-mprec.o)
                0x0000000008005de8                _Balloc
 .text._Bfree   0x0000000008005e68       0x44 d:/programs/stm32cubeide_1.10.1/stm32cubeide/plugins/com.st.stm32cube.ide.mcu.externaltools.gnu-tools-for-stm32.10.3-2021.10.win32_1.0.0.202111181127/tools/bin/../lib/gcc/arm-none-eabi/10.3.1/../../../../arm-none-eabi/lib/thumb/v7-m/nofp\libc_nano.a(lib_a-mprec.o)
                0x0000000008005e68                _Bfree
 .text.__multadd
                0x0000000008005eac       0x8c d:/programs/stm32cubeide_1.10.1/stm32cubeide/plugins/com.st.stm32cube.ide.mcu.externaltools.gnu-tools-for-stm32.10.3-2021.10.win32_1.0.0.202111181127/tools/bin/../lib/gcc/arm-none-eabi/10.3.1/../../../../arm-none-eabi/lib/thumb/v7-m/nofp\libc_nano.a(lib_a-mprec.o)
                0x0000000008005eac                __multadd
 .text.__s2b    0x0000000008005f38       0x94 d:/programs/stm32cubeide_1.10.1/stm32cubeide/plugins/com.st.stm32cube.ide.mcu.externaltools.gnu-tools-for-stm32.10.3-2021.10.win32_1.0.0.202111181127/tools/bin/../lib/gcc/arm-none-eabi/10.3.1/../../../../arm-none-eabi/lib/thumb/v7-m/nofp\libc_nano.a(lib_a-mprec.o)
                0x0000000008005f38                __s2b
 .text.__hi0bits
                0x0000000008005fcc       0x40 d:/programs/stm32cubeide_1.10.1/stm32cubeide/plugins/com.st.stm32cube.ide.mcu.externaltools.gnu-tools-for-stm32.10.3-2021.10.win32_1.0.0.202111181127/tools/bin/../lib/gcc/arm-none-eabi/10.3.1/../../../../arm-none-eabi/lib/thumb/v7-m/nofp\libc_nano.a(lib_a-mprec.o)
                0x0000000008005fcc                __hi0bits
 .text.__lo0bits
                0x000000000800600c       0x5a d:/programs/stm32cubeide_1.10.1/stm32cubeide/plugins/com.st.stm32cube.ide.mcu.externaltools.gnu-tools-for-stm32.10.3-2021.10.win32_1.0.0.202111181127/tools/bin/../lib/gcc/arm-none-eabi/10.3.1/../../../../arm-none-eabi/lib/thumb/v7-m/nofp\libc_nano.a(lib_a-mprec.o)
                0x000000000800600c                __lo0bits
 *fill*         0x0000000008006066        0x2 
 .text.__i2b    0x0000000008006068       0x2c d:/programs/stm32cubeide_1.10.1/stm32cubeide/plugins/com.st.stm32cube.ide.mcu.externaltools.gnu-tools-for-stm32.10.3-2021.10.win32_1.0.0.202111181127/tools/bin/../lib/gcc/arm-none-eabi/10.3.1/../../../../arm-none-eabi/lib/thumb/v7-m/nofp\libc_nano.a(lib_a-mprec.o)
                0x0000000008006068                __i2b
 .text.__multiply
                0x0000000008006094      0x150 d:/programs/stm32cubeide_1.10.1/stm32cubeide/plugins/com.st.stm32cube.ide.mcu.externaltools.gnu-tools-for-stm32.10.3-2021.10.win32_1.0.0.202111181127/tools/bin/../lib/gcc/arm-none-eabi/10.3.1/../../../../arm-none-eabi/lib/thumb/v7-m/nofp\libc_nano.a(lib_a-mprec.o)
                0x0000000008006094                __multiply
 .text.__pow5mult
                0x00000000080061e4       0xb4 d:/programs/stm32cubeide_1.10.1/stm32cubeide/plugins/com.st.stm32cube.ide.mcu.externaltools.gnu-tools-for-stm32.10.3-2021.10.win32_1.0.0.202111181127/tools/bin/../lib/gcc/arm-none-eabi/10.3.1/../../../../arm-none-eabi/lib/thumb/v7-m/nofp\libc_nano.a(lib_a-mprec.o)
                0x00000000080061e4                __pow5mult
 .text.__lshift
                0x0000000008006298       0xe0 d:/programs/stm32cubeide_1.10.1/stm32cubeide/plugins/com.st.stm32cube.ide.mcu.externaltools.gnu-tools-for-stm32.10.3-2021.10.win32_1.0.0.202111181127/tools/bin/../lib/gcc/arm-none-eabi/10.3.1/../../../../arm-none-eabi/lib/thumb/v7-m/nofp\libc_nano.a(lib_a-mprec.o)
                0x0000000008006298                __lshift
 .text.__mcmp   0x0000000008006378       0x36 d:/programs/stm32cubeide_1.10.1/stm32cubeide/plugins/com.st.stm32cube.ide.mcu.externaltools.gnu-tools-for-stm32.10.3-2021.10.win32_1.0.0.202111181127/tools/bin/../lib/gcc/arm-none-eabi/10.3.1/../../../../arm-none-eabi/lib/thumb/v7-m/nofp\libc_nano.a(lib_a-mprec.o)
                0x0000000008006378                __mcmp
 *fill*         0x00000000080063ae        0x2 
 .text.__mdiff  0x00000000080063b0      0x118 d:/programs/stm32cubeide_1.10.1/stm32cubeide/plugins/com.st.stm32cube.ide.mcu.externaltools.gnu-tools-for-stm32.10.3-2021.10.win32_1.0.0.202111181127/tools/bin/../lib/gcc/arm-none-eabi/10.3.1/../../../../arm-none-eabi/lib/thumb/v7-m/nofp\libc_nano.a(lib_a-mprec.o)
                0x00000000080063b0                __mdiff
 .text.__ulp    0x00000000080064c8       0x4c d:/programs/stm32cubeide_1.10.1/stm32cubeide/plugins/com.st.stm32cube.ide.mcu.externaltools.gnu-tools-for-stm32.10.3-2021.10.win32_1.0.0.202111181127/tools/bin/../lib/gcc/arm-none-eabi/10.3.1/../../../../arm-none-eabi/lib/thumb/v7-m/nofp\libc_nano.a(lib_a-mprec.o)
                0x00000000080064c8                __ulp
 .text.__b2d    0x0000000008006514       0xa8 d:/programs/stm32cubeide_1.10.1/stm32cubeide/plugins/com.st.stm32cube.ide.mcu.externaltools.gnu-tools-for-stm32.10.3-2021.10.win32_1.0.0.202111181127/tools/bin/../lib/gcc/arm-none-eabi/10.3.1/../../../../arm-none-eabi/lib/thumb/v7-m/nofp\libc_nano.a(lib_a-mprec.o)
                0x0000000008006514                __b2d
 .text.__d2b    0x00000000080065bc       0xb8 d:/programs/stm32cubeide_1.10.1/stm32cubeide/plugins/com.st.stm32cube.ide.mcu.externaltools.gnu-tools-for-stm32.10.3-2021.10.win32_1.0.0.202111181127/tools/bin/../lib/gcc/arm-none-eabi/10.3.1/../../../../arm-none-eabi/lib/thumb/v7-m/nofp\libc_nano.a(lib_a-mprec.o)
                0x00000000080065bc                __d2b
 .text.__ratio  0x0000000008006674       0x5c d:/programs/stm32cubeide_1.10.1/stm32cubeide/plugins/com.st.stm32cube.ide.mcu.externaltools.gnu-tools-for-stm32.10.3-2021.10.win32_1.0.0.202111181127/tools/bin/../lib/gcc/arm-none-eabi/10.3.1/../../../../arm-none-eabi/lib/thumb/v7-m/nofp\libc_nano.a(lib_a-mprec.o)
                0x0000000008006674                __ratio
 .text.__copybits
                0x00000000080066d0       0x46 d:/programs/stm32cubeide_1.10.1/stm32cubeide/plugins/com.st.stm32cube.ide.mcu.externaltools.gnu-tools-for-stm32.10.3-2021.10.win32_1.0.0.202111181127/tools/bin/../lib/gcc/arm-none-eabi/10.3.1/../../../../arm-none-eabi/lib/thumb/v7-m/nofp\libc_nano.a(lib_a-mprec.o)
                0x00000000080066d0                __copybits
 .text.__any_on
                0x0000000008006716       0x42 d:/programs/stm32cubeide_1.10.1/stm32cubeide/plugins/com.st.stm32cube.ide.mcu.externaltools.gnu-tools-for-stm32.10.3-2021.10.win32_1.0.0.202111181127/tools/bin/../lib/gcc/arm-none-eabi/10.3.1/../../../../arm-none-eabi/lib/thumb/v7-m/nofp\libc_nano.a(lib_a-mprec.o)
                0x0000000008006716                __any_on
 .text._calloc_r
                0x0000000008006758       0x28 d:/programs/stm32cubeide_1.10.1/stm32cubeide/plugins/com.st.stm32cube.ide.mcu.externaltools.gnu-tools-for-stm32.10.3-2021.10.win32_1.0.0.202111181127/tools/bin/../lib/gcc/arm-none-eabi/10.3.1/../../../../arm-none-eabi/lib/thumb/v7-m/nofp\libc_nano.a(lib_a-nano-callocr.o)
                0x0000000008006758                _calloc_r
 .text._realloc_r
                0x0000000008006780       0x5e d:/programs/stm32cubeide_1.10.1/stm32cubeide/plugins/com.st.stm32cube.ide.mcu.externaltools.gnu-tools-for-stm32.10.3-2021.10.win32_1.0.0.202111181127/tools/bin/../lib/gcc/arm-none-eabi/10.3.1/../../../../arm-none-eabi/lib/thumb/v7-m/nofp\libc_nano.a(lib_a-nano-reallocr.o)
                0x0000000008006780                _realloc_r
 .text.__ssputs_r
                0x00000000080067de       0xb6 d:/programs/stm32cubeide_1.10.1/stm32cubeide/plugins/com.st.stm32cube.ide.mcu.externaltools.gnu-tools-for-stm32.10.3-2021.10.win32_1.0.0.202111181127/tools/bin/../lib/gcc/arm-none-eabi/10.3.1/../../../../arm-none-eabi/lib/thumb/v7-m/nofp\libc_nano.a(lib_a-nano-svfprintf.o)
                0x00000000080067de                __ssputs_r
 .text._svfprintf_r
                0x0000000008006894      0x200 d:/programs/stm32cubeide_1.10.1/stm32cubeide/plugins/com.st.stm32cube.ide.mcu.externaltools.gnu-tools-for-stm32.10.3-2021.10.win32_1.0.0.202111181127/tools/bin/../lib/gcc/arm-none-eabi/10.3.1/../../../../arm-none-eabi/lib/thumb/v7-m/nofp\libc_nano.a(lib_a-nano-svfprintf.o)
                0x0000000008006894                _svfiprintf_r
                0x0000000008006894                _svfprintf_r
 .text._sungetc_r
                0x0000000008006a94       0x7a d:/programs/stm32cubeide_1.10.1/stm32cubeide/plugins/com.st.stm32cube.ide.mcu.externaltools.gnu-tools-for-stm32.10.3-2021.10.win32_1.0.0.202111181127/tools/bin/../lib/gcc/arm-none-eabi/10.3.1/../../../../arm-none-eabi/lib/thumb/v7-m/nofp\libc_nano.a(lib_a-nano-svfscanf.o)
                0x0000000008006a94                _sungetc_r
 .text.__ssrefill_r
                0x0000000008006b0e       0x3a d:/programs/stm32cubeide_1.10.1/stm32cubeide/plugins/com.st.stm32cube.ide.mcu.externaltools.gnu-tools-for-stm32.10.3-2021.10.win32_1.0.0.202111181127/tools/bin/../lib/gcc/arm-none-eabi/10.3.1/../../../../arm-none-eabi/lib/thumb/v7-m/nofp\libc_nano.a(lib_a-nano-svfscanf.o)
                0x0000000008006b0e                __ssrefill_r
 .text.__ssvfscanf_r
                0x0000000008006b48      0x2f4 d:/programs/stm32cubeide_1.10.1/stm32cubeide/plugins/com.st.stm32cube.ide.mcu.externaltools.gnu-tools-for-stm32.10.3-2021.10.win32_1.0.0.202111181127/tools/bin/../lib/gcc/arm-none-eabi/10.3.1/../../../../arm-none-eabi/lib/thumb/v7-m/nofp\libc_nano.a(lib_a-nano-svfscanf.o)
                0x0000000008006b48                __ssvfiscanf_r
                0x0000000008006b48                __ssvfscanf_r
 .text._printf_common
                0x0000000008006e3c       0xde d:/programs/stm32cubeide_1.10.1/stm32cubeide/plugins/com.st.stm32cube.ide.mcu.externaltools.gnu-tools-for-stm32.10.3-2021.10.win32_1.0.0.202111181127/tools/bin/../lib/gcc/arm-none-eabi/10.3.1/../../../../arm-none-eabi/lib/thumb/v7-m/nofp\libc_nano.a(lib_a-nano-vfprintf_i.o)
                0x0000000008006e3c                _printf_common
 *fill*         0x0000000008006f1a        0x2 
 .text._printf_i
                0x0000000008006f1c      0x24c d:/programs/stm32cubeide_1.10.1/stm32cubeide/plugins/com.st.stm32cube.ide.mcu.externaltools.gnu-tools-for-stm32.10.3-2021.10.win32_1.0.0.202111181127/tools/bin/../lib/gcc/arm-none-eabi/10.3.1/../../../../arm-none-eabi/lib/thumb/v7-m/nofp\libc_nano.a(lib_a-nano-vfprintf_i.o)
                0x0000000008006f1c                _printf_i
 .text._scanf_chars
                0x0000000008007168       0xb4 d:/programs/stm32cubeide_1.10.1/stm32cubeide/plugins/com.st.stm32cube.ide.mcu.externaltools.gnu-tools-for-stm32.10.3-2021.10.win32_1.0.0.202111181127/tools/bin/../lib/gcc/arm-none-eabi/10.3.1/../../../../arm-none-eabi/lib/thumb/v7-m/nofp\libc_nano.a(lib_a-nano-vfscanf_i.o)
                0x0000000008007168                _scanf_chars
 .text._scanf_i
                0x000000000800721c      0x1f0 d:/programs/stm32cubeide_1.10.1/stm32cubeide/plugins/com.st.stm32cube.ide.mcu.externaltools.gnu-tools-for-stm32.10.3-2021.10.win32_1.0.0.202111181127/tools/bin/../lib/gcc/arm-none-eabi/10.3.1/../../../../arm-none-eabi/lib/thumb/v7-m/nofp\libc_nano.a(lib_a-nano-vfscanf_i.o)
                0x000000000800721c                _scanf_i
 .text._read_r  0x000000000800740c       0x24 d:/programs/stm32cubeide_1.10.1/stm32cubeide/plugins/com.st.stm32cube.ide.mcu.externaltools.gnu-tools-for-stm32.10.3-2021.10.win32_1.0.0.202111181127/tools/bin/../lib/gcc/arm-none-eabi/10.3.1/../../../../arm-none-eabi/lib/thumb/v7-m/nofp\libc_nano.a(lib_a-readr.o)
                0x000000000800740c                _read_r
 .text.nan      0x0000000008007430        0xc d:/programs/stm32cubeide_1.10.1/stm32cubeide/plugins/com.st.stm32cube.ide.mcu.externaltools.gnu-tools-for-stm32.10.3-2021.10.win32_1.0.0.202111181127/tools/bin/../lib/gcc/arm-none-eabi/10.3.1/../../../../arm-none-eabi/lib/thumb/v7-m/nofp\libc_nano.a(lib_a-s_nan.o)
                0x0000000008007430                nan
 .text.__sccl   0x000000000800743c       0x70 d:/programs/stm32cubeide_1.10.1/stm32cubeide/plugins/com.st.stm32cube.ide.mcu.externaltools.gnu-tools-for-stm32.10.3-2021.10.win32_1.0.0.202111181127/tools/bin/../lib/gcc/arm-none-eabi/10.3.1/../../../../arm-none-eabi/lib/thumb/v7-m/nofp\libc_nano.a(lib_a-sccl.o)
                0x000000000800743c                __sccl
 .text._strtol_l.constprop.0
                0x00000000080074ac       0xf8 d:/programs/stm32cubeide_1.10.1/stm32cubeide/plugins/com.st.stm32cube.ide.mcu.externaltools.gnu-tools-for-stm32.10.3-2021.10.win32_1.0.0.202111181127/tools/bin/../lib/gcc/arm-none-eabi/10.3.1/../../../../arm-none-eabi/lib/thumb/v7-m/nofp\libc_nano.a(lib_a-strtol.o)
 .text._strtol_r
                0x00000000080075a4        0x4 d:/programs/stm32cubeide_1.10.1/stm32cubeide/plugins/com.st.stm32cube.ide.mcu.externaltools.gnu-tools-for-stm32.10.3-2021.10.win32_1.0.0.202111181127/tools/bin/../lib/gcc/arm-none-eabi/10.3.1/../../../../arm-none-eabi/lib/thumb/v7-m/nofp\libc_nano.a(lib_a-strtol.o)
                0x00000000080075a4                _strtol_r
 .text._strtoul_l.constprop.0
                0x00000000080075a8       0xe4 d:/programs/stm32cubeide_1.10.1/stm32cubeide/plugins/com.st.stm32cube.ide.mcu.externaltools.gnu-tools-for-stm32.10.3-2021.10.win32_1.0.0.202111181127/tools/bin/../lib/gcc/arm-none-eabi/10.3.1/../../../../arm-none-eabi/lib/thumb/v7-m/nofp\libc_nano.a(lib_a-strtoul.o)
 .text._strtoul_r
                0x000000000800768c        0x4 d:/programs/stm32cubeide_1.10.1/stm32cubeide/plugins/com.st.stm32cube.ide.mcu.externaltools.gnu-tools-for-stm32.10.3-2021.10.win32_1.0.0.202111181127/tools/bin/../lib/gcc/arm-none-eabi/10.3.1/../../../../arm-none-eabi/lib/thumb/v7-m/nofp\libc_nano.a(lib_a-strtoul.o)
                0x000000000800768c                _strtoul_r
 .text.__submore
                0x0000000008007690       0x70 d:/programs/stm32cubeide_1.10.1/stm32cubeide/plugins/com.st.stm32cube.ide.mcu.externaltools.gnu-tools-for-stm32.10.3-2021.10.win32_1.0.0.202111181127/tools/bin/../lib/gcc/arm-none-eabi/10.3.1/../../../../arm-none-eabi/lib/thumb/v7-m/nofp\libc_nano.a(lib_a-ungetc.o)
                0x0000000008007690                __submore
 .text.__ascii_wctomb
                0x0000000008007700       0x1a d:/programs/stm32cubeide_1.10.1/stm32cubeide/plugins/com.st.stm32cube.ide.mcu.externaltools.gnu-tools-for-stm32.10.3-2021.10.win32_1.0.0.202111181127/tools/bin/../lib/gcc/arm-none-eabi/10.3.1/../../../../arm-none-eabi/lib/thumb/v7-m/nofp\libc_nano.a(lib_a-wctomb_r.o)
                0x0000000008007700                __ascii_wctomb
 *fill*         0x000000000800771a        0x2 
 .text.__assert_func
                0x000000000800771c       0x3c d:/programs/stm32cubeide_1.10.1/stm32cubeide/plugins/com.st.stm32cube.ide.mcu.externaltools.gnu-tools-for-stm32.10.3-2021.10.win32_1.0.0.202111181127/tools/bin/../lib/gcc/arm-none-eabi/10.3.1/../../../../arm-none-eabi/lib/thumb/v7-m/nofp\libc_nano.a(lib_a-assert.o)
                0x000000000800771c                __assert_func
 .text.__sflush_r
                0x0000000008007758      0x104 d:/programs/stm32cubeide_1.10.1/stm32cubeide/plugins/com.st.stm32cube.ide.mcu.externaltools.gnu-tools-for-stm32.10.3-2021.10.win32_1.0.0.202111181127/tools/bin/../lib/gcc/arm-none-eabi/10.3.1/../../../../arm-none-eabi/lib/thumb/v7-m/nofp\libc_nano.a(lib_a-fflush.o)
                0x0000000008007758                __sflush_r
 .text._fflush_r
                0x000000000800785c       0x78 d:/programs/stm32cubeide_1.10.1/stm32cubeide/plugins/com.st.stm32cube.ide.mcu.externaltools.gnu-tools-for-stm32.10.3-2021.10.win32_1.0.0.202111181127/tools/bin/../lib/gcc/arm-none-eabi/10.3.1/../../../../arm-none-eabi/lib/thumb/v7-m/nofp\libc_nano.a(lib_a-fflush.o)
                0x000000000800785c                _fflush_r
 .text.std      0x00000000080078d4       0x48 d:/programs/stm32cubeide_1.10.1/stm32cubeide/plugins/com.st.stm32cube.ide.mcu.externaltools.gnu-tools-for-stm32.10.3-2021.10.win32_1.0.0.202111181127/tools/bin/../lib/gcc/arm-none-eabi/10.3.1/../../../../arm-none-eabi/lib/thumb/v7-m/nofp\libc_nano.a(lib_a-findfp.o)
 .text._cleanup_r
                0x000000000800791c        0xc d:/programs/stm32cubeide_1.10.1/stm32cubeide/plugins/com.st.stm32cube.ide.mcu.externaltools.gnu-tools-for-stm32.10.3-2021.10.win32_1.0.0.202111181127/tools/bin/../lib/gcc/arm-none-eabi/10.3.1/../../../../arm-none-eabi/lib/thumb/v7-m/nofp\libc_nano.a(lib_a-findfp.o)
                0x000000000800791c                _cleanup_r
 .text.__sfmoreglue
                0x0000000008007928       0x2c d:/programs/stm32cubeide_1.10.1/stm32cubeide/plugins/com.st.stm32cube.ide.mcu.externaltools.gnu-tools-for-stm32.10.3-2021.10.win32_1.0.0.202111181127/tools/bin/../lib/gcc/arm-none-eabi/10.3.1/../../../../arm-none-eabi/lib/thumb/v7-m/nofp\libc_nano.a(lib_a-findfp.o)
                0x0000000008007928                __sfmoreglue
 .text.__sfp_lock_acquire
                0x0000000008007954        0xc d:/programs/stm32cubeide_1.10.1/stm32cubeide/plugins/com.st.stm32cube.ide.mcu.externaltools.gnu-tools-for-stm32.10.3-2021.10.win32_1.0.0.202111181127/tools/bin/../lib/gcc/arm-none-eabi/10.3.1/../../../../arm-none-eabi/lib/thumb/v7-m/nofp\libc_nano.a(lib_a-findfp.o)
                0x0000000008007954                __sfp_lock_acquire
 .text.__sfp_lock_release
                0x0000000008007960        0xc d:/programs/stm32cubeide_1.10.1/stm32cubeide/plugins/com.st.stm32cube.ide.mcu.externaltools.gnu-tools-for-stm32.10.3-2021.10.win32_1.0.0.202111181127/tools/bin/../lib/gcc/arm-none-eabi/10.3.1/../../../../arm-none-eabi/lib/thumb/v7-m/nofp\libc_nano.a(lib_a-findfp.o)
                0x0000000008007960                __sfp_lock_release
 .text.__sinit_lock_acquire
                0x000000000800796c        0xc d:/programs/stm32cubeide_1.10.1/stm32cubeide/plugins/com.st.stm32cube.ide.mcu.externaltools.gnu-tools-for-stm32.10.3-2021.10.win32_1.0.0.202111181127/tools/bin/../lib/gcc/arm-none-eabi/10.3.1/../../../../arm-none-eabi/lib/thumb/v7-m/nofp\libc_nano.a(lib_a-findfp.o)
                0x000000000800796c                __sinit_lock_acquire
 .text.__sinit_lock_release
                0x0000000008007978        0xc d:/programs/stm32cubeide_1.10.1/stm32cubeide/plugins/com.st.stm32cube.ide.mcu.externaltools.gnu-tools-for-stm32.10.3-2021.10.win32_1.0.0.202111181127/tools/bin/../lib/gcc/arm-none-eabi/10.3.1/../../../../arm-none-eabi/lib/thumb/v7-m/nofp\libc_nano.a(lib_a-findfp.o)
                0x0000000008007978                __sinit_lock_release
 .text.__sinit  0x0000000008007984       0x70 d:/programs/stm32cubeide_1.10.1/stm32cubeide/plugins/com.st.stm32cube.ide.mcu.externaltools.gnu-tools-for-stm32.10.3-2021.10.win32_1.0.0.202111181127/tools/bin/../lib/gcc/arm-none-eabi/10.3.1/../../../../arm-none-eabi/lib/thumb/v7-m/nofp\libc_nano.a(lib_a-findfp.o)
                0x0000000008007984                __sinit
 .text.__sfp    0x00000000080079f4       0x8c d:/programs/stm32cubeide_1.10.1/stm32cubeide/plugins/com.st.stm32cube.ide.mcu.externaltools.gnu-tools-for-stm32.10.3-2021.10.win32_1.0.0.202111181127/tools/bin/../lib/gcc/arm-none-eabi/10.3.1/../../../../arm-none-eabi/lib/thumb/v7-m/nofp\libc_nano.a(lib_a-findfp.o)
                0x00000000080079f4                __sfp
 .text.fprintf  0x0000000008007a80       0x24 d:/programs/stm32cubeide_1.10.1/stm32cubeide/plugins/com.st.stm32cube.ide.mcu.externaltools.gnu-tools-for-stm32.10.3-2021.10.win32_1.0.0.202111181127/tools/bin/../lib/gcc/arm-none-eabi/10.3.1/../../../../arm-none-eabi/lib/thumb/v7-m/nofp\libc_nano.a(lib_a-fprintf.o)
                0x0000000008007a80                fiprintf
                0x0000000008007a80                fprintf
 .text._fwalk_reent
                0x0000000008007aa4       0x3e d:/programs/stm32cubeide_1.10.1/stm32cubeide/plugins/com.st.stm32cube.ide.mcu.externaltools.gnu-tools-for-stm32.10.3-2021.10.win32_1.0.0.202111181127/tools/bin/../lib/gcc/arm-none-eabi/10.3.1/../../../../arm-none-eabi/lib/thumb/v7-m/nofp\libc_nano.a(lib_a-fwalk.o)
                0x0000000008007aa4                _fwalk_reent
 .text.__retarget_lock_init_recursive
                0x0000000008007ae2        0x2 d:/programs/stm32cubeide_1.10.1/stm32cubeide/plugins/com.st.stm32cube.ide.mcu.externaltools.gnu-tools-for-stm32.10.3-2021.10.win32_1.0.0.202111181127/tools/bin/../lib/gcc/arm-none-eabi/10.3.1/../../../../arm-none-eabi/lib/thumb/v7-m/nofp\libc_nano.a(lib_a-lock.o)
                0x0000000008007ae2                __retarget_lock_init_recursive
 .text.__retarget_lock_acquire_recursive
                0x0000000008007ae4        0x2 d:/programs/stm32cubeide_1.10.1/stm32cubeide/plugins/com.st.stm32cube.ide.mcu.externaltools.gnu-tools-for-stm32.10.3-2021.10.win32_1.0.0.202111181127/tools/bin/../lib/gcc/arm-none-eabi/10.3.1/../../../../arm-none-eabi/lib/thumb/v7-m/nofp\libc_nano.a(lib_a-lock.o)
                0x0000000008007ae4                __retarget_lock_acquire_recursive
 .text.__retarget_lock_release_recursive
                0x0000000008007ae6        0x2 d:/programs/stm32cubeide_1.10.1/stm32cubeide/plugins/com.st.stm32cube.ide.mcu.externaltools.gnu-tools-for-stm32.10.3-2021.10.win32_1.0.0.202111181127/tools/bin/../lib/gcc/arm-none-eabi/10.3.1/../../../../arm-none-eabi/lib/thumb/v7-m/nofp\libc_nano.a(lib_a-lock.o)
                0x0000000008007ae6                __retarget_lock_release_recursive
 .text.memchr   0x0000000008007ae8       0x1c d:/programs/stm32cubeide_1.10.1/stm32cubeide/plugins/com.st.stm32cube.ide.mcu.externaltools.gnu-tools-for-stm32.10.3-2021.10.win32_1.0.0.202111181127/tools/bin/../lib/gcc/arm-none-eabi/10.3.1/../../../../arm-none-eabi/lib/thumb/v7-m/nofp\libc_nano.a(lib_a-memchr-stub.o)
                0x0000000008007ae8                memchr
 .text.memmove  0x0000000008007b04       0x34 d:/programs/stm32cubeide_1.10.1/stm32cubeide/plugins/com.st.stm32cube.ide.mcu.externaltools.gnu-tools-for-stm32.10.3-2021.10.win32_1.0.0.202111181127/tools/bin/../lib/gcc/arm-none-eabi/10.3.1/../../../../arm-none-eabi/lib/thumb/v7-m/nofp\libc_nano.a(lib_a-memmove.o)
                0x0000000008007b04                memmove
 .text._malloc_usable_size_r
                0x0000000008007b38       0x10 d:/programs/stm32cubeide_1.10.1/stm32cubeide/plugins/com.st.stm32cube.ide.mcu.externaltools.gnu-tools-for-stm32.10.3-2021.10.win32_1.0.0.202111181127/tools/bin/../lib/gcc/arm-none-eabi/10.3.1/../../../../arm-none-eabi/lib/thumb/v7-m/nofp\libc_nano.a(lib_a-nano-msizer.o)
                0x0000000008007b38                _malloc_usable_size_r
 .text.__sfputc_r
                0x0000000008007b48       0x2a d:/programs/stm32cubeide_1.10.1/stm32cubeide/plugins/com.st.stm32cube.ide.mcu.externaltools.gnu-tools-for-stm32.10.3-2021.10.win32_1.0.0.202111181127/tools/bin/../lib/gcc/arm-none-eabi/10.3.1/../../../../arm-none-eabi/lib/thumb/v7-m/nofp\libc_nano.a(lib_a-nano-vfprintf.o)
 .text.__sfputs_r
                0x0000000008007b72       0x24 d:/programs/stm32cubeide_1.10.1/stm32cubeide/plugins/com.st.stm32cube.ide.mcu.externaltools.gnu-tools-for-stm32.10.3-2021.10.win32_1.0.0.202111181127/tools/bin/../lib/gcc/arm-none-eabi/10.3.1/../../../../arm-none-eabi/lib/thumb/v7-m/nofp\libc_nano.a(lib_a-nano-vfprintf.o)
                0x0000000008007b72                __sfputs_r
 *fill*         0x0000000008007b96        0x2 
 .text._vfprintf_r
                0x0000000008007b98      0x260 d:/programs/stm32cubeide_1.10.1/stm32cubeide/plugins/com.st.stm32cube.ide.mcu.externaltools.gnu-tools-for-stm32.10.3-2021.10.win32_1.0.0.202111181127/tools/bin/../lib/gcc/arm-none-eabi/10.3.1/../../../../arm-none-eabi/lib/thumb/v7-m/nofp\libc_nano.a(lib_a-nano-vfprintf.o)
                0x0000000008007b98                _vfprintf_r
                0x0000000008007b98                _vfiprintf_r
 .text.__swbuf_r
                0x0000000008007df8       0xa4 d:/programs/stm32cubeide_1.10.1/stm32cubeide/plugins/com.st.stm32cube.ide.mcu.externaltools.gnu-tools-for-stm32.10.3-2021.10.win32_1.0.0.202111181127/tools/bin/../lib/gcc/arm-none-eabi/10.3.1/../../../../arm-none-eabi/lib/thumb/v7-m/nofp\libc_nano.a(lib_a-wbuf.o)
                0x0000000008007df8                __swbuf_r
 .text.__swsetup_r
                0x0000000008007e9c       0xdc d:/programs/stm32cubeide_1.10.1/stm32cubeide/plugins/com.st.stm32cube.ide.mcu.externaltools.gnu-tools-for-stm32.10.3-2021.10.win32_1.0.0.202111181127/tools/bin/../lib/gcc/arm-none-eabi/10.3.1/../../../../arm-none-eabi/lib/thumb/v7-m/nofp\libc_nano.a(lib_a-wsetup.o)
                0x0000000008007e9c                __swsetup_r
 .text.abort    0x0000000008007f78        0xe d:/programs/stm32cubeide_1.10.1/stm32cubeide/plugins/com.st.stm32cube.ide.mcu.externaltools.gnu-tools-for-stm32.10.3-2021.10.win32_1.0.0.202111181127/tools/bin/../lib/gcc/arm-none-eabi/10.3.1/../../../../arm-none-eabi/lib/thumb/v7-m/nofp\libc_nano.a(lib_a-abort.o)
                0x0000000008007f78                abort
 .text.__swhatbuf_r
                0x0000000008007f86       0x4a d:/programs/stm32cubeide_1.10.1/stm32cubeide/plugins/com.st.stm32cube.ide.mcu.externaltools.gnu-tools-for-stm32.10.3-2021.10.win32_1.0.0.202111181127/tools/bin/../lib/gcc/arm-none-eabi/10.3.1/../../../../arm-none-eabi/lib/thumb/v7-m/nofp\libc_nano.a(lib_a-makebuf.o)
                0x0000000008007f86                __swhatbuf_r
 .text.__smakebuf_r
                0x0000000008007fd0       0x80 d:/programs/stm32cubeide_1.10.1/stm32cubeide/plugins/com.st.stm32cube.ide.mcu.externaltools.gnu-tools-for-stm32.10.3-2021.10.win32_1.0.0.202111181127/tools/bin/../lib/gcc/arm-none-eabi/10.3.1/../../../../arm-none-eabi/lib/thumb/v7-m/nofp\libc_nano.a(lib_a-makebuf.o)
                0x0000000008007fd0                __smakebuf_r
 .text._raise_r
                0x0000000008008050       0x50 d:/programs/stm32cubeide_1.10.1/stm32cubeide/plugins/com.st.stm32cube.ide.mcu.externaltools.gnu-tools-for-stm32.10.3-2021.10.win32_1.0.0.202111181127/tools/bin/../lib/gcc/arm-none-eabi/10.3.1/../../../../arm-none-eabi/lib/thumb/v7-m/nofp\libc_nano.a(lib_a-signal.o)
                0x0000000008008050                _raise_r
 .text.raise    0x00000000080080a0       0x10 d:/programs/stm32cubeide_1.10.1/stm32cubeide/plugins/com.st.stm32cube.ide.mcu.externaltools.gnu-tools-for-stm32.10.3-2021.10.win32_1.0.0.202111181127/tools/bin/../lib/gcc/arm-none-eabi/10.3.1/../../../../arm-none-eabi/lib/thumb/v7-m/nofp\libc_nano.a(lib_a-signal.o)
                0x00000000080080a0                raise
 .text._kill_r  0x00000000080080b0       0x24 d:/programs/stm32cubeide_1.10.1/stm32cubeide/plugins/com.st.stm32cube.ide.mcu.externaltools.gnu-tools-for-stm32.10.3-2021.10.win32_1.0.0.202111181127/tools/bin/../lib/gcc/arm-none-eabi/10.3.1/../../../../arm-none-eabi/lib/thumb/v7-m/nofp\libc_nano.a(lib_a-signalr.o)
                0x00000000080080b0                _kill_r
 .text._getpid_r
                0x00000000080080d4        0x4 d:/programs/stm32cubeide_1.10.1/stm32cubeide/plugins/com.st.stm32cube.ide.mcu.externaltools.gnu-tools-for-stm32.10.3-2021.10.win32_1.0.0.202111181127/tools/bin/../lib/gcc/arm-none-eabi/10.3.1/../../../../arm-none-eabi/lib/thumb/v7-m/nofp\libc_nano.a(lib_a-signalr.o)
                0x00000000080080d4                _getpid_r
 .text._fstat_r
                0x00000000080080d8       0x24 d:/programs/stm32cubeide_1.10.1/stm32cubeide/plugins/com.st.stm32cube.ide.mcu.externaltools.gnu-tools-for-stm32.10.3-2021.10.win32_1.0.0.202111181127/tools/bin/../lib/gcc/arm-none-eabi/10.3.1/../../../../arm-none-eabi/lib/thumb/v7-m/nofp\libc_nano.a(lib_a-fstatr.o)
                0x00000000080080d8                _fstat_r
 .text._isatty_r
                0x00000000080080fc       0x20 d:/programs/stm32cubeide_1.10.1/stm32cubeide/plugins/com.st.stm32cube.ide.mcu.externaltools.gnu-tools-for-stm32.10.3-2021.10.win32_1.0.0.202111181127/tools/bin/../lib/gcc/arm-none-eabi/10.3.1/../../../../arm-none-eabi/lib/thumb/v7-m/nofp\libc_nano.a(lib_a-isattyr.o)
                0x00000000080080fc                _isatty_r
 *(.glue_7)
 .glue_7        0x000000000800811c        0x0 linker stubs
 *(.glue_7t)
 .glue_7t       0x000000000800811c        0x0 linker stubs
 *(.eh_frame)
 .eh_frame      0x000000000800811c        0x0 d:/programs/stm32cubeide_1.10.1/stm32cubeide/plugins/com.st.stm32cube.ide.mcu.externaltools.gnu-tools-for-stm32.10.3-2021.10.win32_1.0.0.202111181127/tools/bin/../lib/gcc/arm-none-eabi/10.3.1/thumb/v7-m/nofp/crtbegin.o
 *(.init)
 .init          0x000000000800811c        0x4 d:/programs/stm32cubeide_1.10.1/stm32cubeide/plugins/com.st.stm32cube.ide.mcu.externaltools.gnu-tools-for-stm32.10.3-2021.10.win32_1.0.0.202111181127/tools/bin/../lib/gcc/arm-none-eabi/10.3.1/thumb/v7-m/nofp/crti.o
                0x000000000800811c                _init
 .init          0x0000000008008120        0x8 d:/programs/stm32cubeide_1.10.1/stm32cubeide/plugins/com.st.stm32cube.ide.mcu.externaltools.gnu-tools-for-stm32.10.3-2021.10.win32_1.0.0.202111181127/tools/bin/../lib/gcc/arm-none-eabi/10.3.1/thumb/v7-m/nofp/crtn.o
 *(.fini)
 .fini          0x0000000008008128        0x4 d:/programs/stm32cubeide_1.10.1/stm32cubeide/plugins/com.st.stm32cube.ide.mcu.externaltools.gnu-tools-for-stm32.10.3-2021.10.win32_1.0.0.202111181127/tools/bin/../lib/gcc/arm-none-eabi/10.3.1/thumb/v7-m/nofp/crti.o
                0x0000000008008128                _fini
 .fini          0x000000000800812c        0x8 d:/programs/stm32cubeide_1.10.1/stm32cubeide/plugins/com.st.stm32cube.ide.mcu.externaltools.gnu-tools-for-stm32.10.3-2021.10.win32_1.0.0.202111181127/tools/bin/../lib/gcc/arm-none-eabi/10.3.1/thumb/v7-m/nofp/crtn.o
                0x0000000008008134                . = ALIGN (0x4)
                0x0000000008008134                _etext = .

.vfp11_veneer   0x0000000008008134        0x0
 .vfp11_veneer  0x0000000008008134        0x0 linker stubs

.v4_bx          0x0000000008008134        0x0
 .v4_bx         0x0000000008008134        0x0 linker stubs

.iplt           0x0000000008008134        0x0
 .iplt          0x0000000008008134        0x0 d:/programs/stm32cubeide_1.10.1/stm32cubeide/plugins/com.st.stm32cube.ide.mcu.externaltools.gnu-tools-for-stm32.10.3-2021.10.win32_1.0.0.202111181127/tools/bin/../lib/gcc/arm-none-eabi/10.3.1/thumb/v7-m/nofp/crtbegin.o

.rodata         0x0000000008008138      0x5c8
                0x0000000008008138                . = ALIGN (0x4)
 *(.rodata)
 .rodata        0x0000000008008138       0x49 ./Src/CJSON/cJSON.o
 *fill*         0x0000000008008181        0x3 
 .rodata        0x0000000008008184      0x10f ./Src/main.o
 *fill*         0x0000000008008293        0x1 
 .rodata        0x0000000008008294        0xc d:/programs/stm32cubeide_1.10.1/stm32cubeide/plugins/com.st.stm32cube.ide.mcu.externaltools.gnu-tools-for-stm32.10.3-2021.10.win32_1.0.0.202111181127/tools/bin/../lib/gcc/arm-none-eabi/10.3.1/../../../../arm-none-eabi/lib/thumb/v7-m/nofp\libc_nano.a(lib_a-nano-vfscanf_i.o)
 *(.rodata*)
 .rodata.USART  0x00000000080082a0        0xc ./Src/01-MCAL/11-USART/USART_program.o
 .rodata.default_buffer_size.0
                0x00000000080082ac        0x4 ./Src/CJSON/cJSON.o
 .rodata._ctype_
                0x00000000080082b0      0x101 d:/programs/stm32cubeide_1.10.1/stm32cubeide/plugins/com.st.stm32cube.ide.mcu.externaltools.gnu-tools-for-stm32.10.3-2021.10.win32_1.0.0.202111181127/tools/bin/../lib/gcc/arm-none-eabi/10.3.1/../../../../arm-none-eabi/lib/thumb/v7-m/nofp\libc_nano.a(lib_a-ctype_.o)
                0x00000000080082b0                _ctype_
 *fill*         0x00000000080083b1        0x3 
 .rodata._global_impure_ptr
                0x00000000080083b4        0x4 d:/programs/stm32cubeide_1.10.1/stm32cubeide/plugins/com.st.stm32cube.ide.mcu.externaltools.gnu-tools-for-stm32.10.3-2021.10.win32_1.0.0.202111181127/tools/bin/../lib/gcc/arm-none-eabi/10.3.1/../../../../arm-none-eabi/lib/thumb/v7-m/nofp\libc_nano.a(lib_a-impure.o)
                0x00000000080083b4                _global_impure_ptr
 .rodata._strtod_l.str1.1
                0x00000000080083b8        0xc d:/programs/stm32cubeide_1.10.1/stm32cubeide/plugins/com.st.stm32cube.ide.mcu.externaltools.gnu-tools-for-stm32.10.3-2021.10.win32_1.0.0.202111181127/tools/bin/../lib/gcc/arm-none-eabi/10.3.1/../../../../arm-none-eabi/lib/thumb/v7-m/nofp\libc_nano.a(lib_a-strtod.o)
                                          0xd (size before relaxing)
 .rodata.fpi.1  0x00000000080083c4       0x14 d:/programs/stm32cubeide_1.10.1/stm32cubeide/plugins/com.st.stm32cube.ide.mcu.externaltools.gnu-tools-for-stm32.10.3-2021.10.win32_1.0.0.202111181127/tools/bin/../lib/gcc/arm-none-eabi/10.3.1/../../../../arm-none-eabi/lib/thumb/v7-m/nofp\libc_nano.a(lib_a-strtod.o)
 .rodata.fpinan.0
                0x00000000080083d8       0x14 d:/programs/stm32cubeide_1.10.1/stm32cubeide/plugins/com.st.stm32cube.ide.mcu.externaltools.gnu-tools-for-stm32.10.3-2021.10.win32_1.0.0.202111181127/tools/bin/../lib/gcc/arm-none-eabi/10.3.1/../../../../arm-none-eabi/lib/thumb/v7-m/nofp\libc_nano.a(lib_a-strtod.o)
 *fill*         0x00000000080083ec        0x4 
 .rodata.tinytens
                0x00000000080083f0       0x28 d:/programs/stm32cubeide_1.10.1/stm32cubeide/plugins/com.st.stm32cube.ide.mcu.externaltools.gnu-tools-for-stm32.10.3-2021.10.win32_1.0.0.202111181127/tools/bin/../lib/gcc/arm-none-eabi/10.3.1/../../../../arm-none-eabi/lib/thumb/v7-m/nofp\libc_nano.a(lib_a-strtod.o)
 .rodata.__gethex.str1.1
                0x0000000008008418       0x74 d:/programs/stm32cubeide_1.10.1/stm32cubeide/plugins/com.st.stm32cube.ide.mcu.externaltools.gnu-tools-for-stm32.10.3-2021.10.win32_1.0.0.202111181127/tools/bin/../lib/gcc/arm-none-eabi/10.3.1/../../../../arm-none-eabi/lib/thumb/v7-m/nofp\libc_nano.a(lib_a-gdtoa-gethex.o)
 .rodata.str1.1
                0x000000000800848c        0x2 d:/programs/stm32cubeide_1.10.1/stm32cubeide/plugins/com.st.stm32cube.ide.mcu.externaltools.gnu-tools-for-stm32.10.3-2021.10.win32_1.0.0.202111181127/tools/bin/../lib/gcc/arm-none-eabi/10.3.1/../../../../arm-none-eabi/lib/thumb/v7-m/nofp\libc_nano.a(lib_a-lnumeric.o)
                                          0x3 (size before relaxing)
 *fill*         0x000000000800848e        0x2 
 .rodata._C_numeric_locale
                0x0000000008008490        0xc d:/programs/stm32cubeide_1.10.1/stm32cubeide/plugins/com.st.stm32cube.ide.mcu.externaltools.gnu-tools-for-stm32.10.3-2021.10.win32_1.0.0.202111181127/tools/bin/../lib/gcc/arm-none-eabi/10.3.1/../../../../arm-none-eabi/lib/thumb/v7-m/nofp\libc_nano.a(lib_a-lnumeric.o)
                0x0000000008008490                _C_numeric_locale
 .rodata._setlocale_r.str1.1
                0x000000000800849c        0x8 d:/programs/stm32cubeide_1.10.1/stm32cubeide/plugins/com.st.stm32cube.ide.mcu.externaltools.gnu-tools-for-stm32.10.3-2021.10.win32_1.0.0.202111181127/tools/bin/../lib/gcc/arm-none-eabi/10.3.1/../../../../arm-none-eabi/lib/thumb/v7-m/nofp\libc_nano.a(lib_a-locale.o)
                                          0x9 (size before relaxing)
 .rodata.str1.1
                0x00000000080084a4        0x2 d:/programs/stm32cubeide_1.10.1/stm32cubeide/plugins/com.st.stm32cube.ide.mcu.externaltools.gnu-tools-for-stm32.10.3-2021.10.win32_1.0.0.202111181127/tools/bin/../lib/gcc/arm-none-eabi/10.3.1/../../../../arm-none-eabi/lib/thumb/v7-m/nofp\libc_nano.a(lib_a-locale.o)
 .rodata._Balloc.str1.1
                0x00000000080084a4       0x73 d:/programs/stm32cubeide_1.10.1/stm32cubeide/plugins/com.st.stm32cube.ide.mcu.externaltools.gnu-tools-for-stm32.10.3-2021.10.win32_1.0.0.202111181127/tools/bin/../lib/gcc/arm-none-eabi/10.3.1/../../../../arm-none-eabi/lib/thumb/v7-m/nofp\libc_nano.a(lib_a-mprec.o)
 .rodata.__multadd.str1.1
                0x0000000008008517       0x11 d:/programs/stm32cubeide_1.10.1/stm32cubeide/plugins/com.st.stm32cube.ide.mcu.externaltools.gnu-tools-for-stm32.10.3-2021.10.win32_1.0.0.202111181127/tools/bin/../lib/gcc/arm-none-eabi/10.3.1/../../../../arm-none-eabi/lib/thumb/v7-m/nofp\libc_nano.a(lib_a-mprec.o)
 *fill*         0x0000000008008517        0x1 
 .rodata.__mprec_bigtens
                0x0000000008008518       0x28 d:/programs/stm32cubeide_1.10.1/stm32cubeide/plugins/com.st.stm32cube.ide.mcu.externaltools.gnu-tools-for-stm32.10.3-2021.10.win32_1.0.0.202111181127/tools/bin/../lib/gcc/arm-none-eabi/10.3.1/../../../../arm-none-eabi/lib/thumb/v7-m/nofp\libc_nano.a(lib_a-mprec.o)
                0x0000000008008518                __mprec_bigtens
 .rodata.__mprec_tens
                0x0000000008008540       0xc8 d:/programs/stm32cubeide_1.10.1/stm32cubeide/plugins/com.st.stm32cube.ide.mcu.externaltools.gnu-tools-for-stm32.10.3-2021.10.win32_1.0.0.202111181127/tools/bin/../lib/gcc/arm-none-eabi/10.3.1/../../../../arm-none-eabi/lib/thumb/v7-m/nofp\libc_nano.a(lib_a-mprec.o)
                0x0000000008008540                __mprec_tens
 .rodata.p05.0  0x0000000008008608        0xc d:/programs/stm32cubeide_1.10.1/stm32cubeide/plugins/com.st.stm32cube.ide.mcu.externaltools.gnu-tools-for-stm32.10.3-2021.10.win32_1.0.0.202111181127/tools/bin/../lib/gcc/arm-none-eabi/10.3.1/../../../../arm-none-eabi/lib/thumb/v7-m/nofp\libc_nano.a(lib_a-mprec.o)
 .rodata._svfprintf_r.str1.1
                0x0000000008008614       0x11 d:/programs/stm32cubeide_1.10.1/stm32cubeide/plugins/com.st.stm32cube.ide.mcu.externaltools.gnu-tools-for-stm32.10.3-2021.10.win32_1.0.0.202111181127/tools/bin/../lib/gcc/arm-none-eabi/10.3.1/../../../../arm-none-eabi/lib/thumb/v7-m/nofp\libc_nano.a(lib_a-nano-svfprintf.o)
 .rodata.__ssvfscanf_r.str1.1
                0x0000000008008625        0x4 d:/programs/stm32cubeide_1.10.1/stm32cubeide/plugins/com.st.stm32cube.ide.mcu.externaltools.gnu-tools-for-stm32.10.3-2021.10.win32_1.0.0.202111181127/tools/bin/../lib/gcc/arm-none-eabi/10.3.1/../../../../arm-none-eabi/lib/thumb/v7-m/nofp\libc_nano.a(lib_a-nano-svfscanf.o)
 .rodata._printf_i.str1.1
                0x0000000008008625       0x22 d:/programs/stm32cubeide_1.10.1/stm32cubeide/plugins/com.st.stm32cube.ide.mcu.externaltools.gnu-tools-for-stm32.10.3-2021.10.win32_1.0.0.202111181127/tools/bin/../lib/gcc/arm-none-eabi/10.3.1/../../../../arm-none-eabi/lib/thumb/v7-m/nofp\libc_nano.a(lib_a-nano-vfprintf_i.o)
 .rodata.str1.1
                0x0000000008008647        0x9 d:/programs/stm32cubeide_1.10.1/stm32cubeide/plugins/com.st.stm32cube.ide.mcu.externaltools.gnu-tools-for-stm32.10.3-2021.10.win32_1.0.0.202111181127/tools/bin/../lib/gcc/arm-none-eabi/10.3.1/../../../../arm-none-eabi/lib/thumb/v7-m/nofp\libc_nano.a(lib_a-nano-vfscanf_i.o)
 .rodata._scanf_i.str1.1
                0x0000000008008650       0x12 d:/programs/stm32cubeide_1.10.1/stm32cubeide/plugins/com.st.stm32cube.ide.mcu.externaltools.gnu-tools-for-stm32.10.3-2021.10.win32_1.0.0.202111181127/tools/bin/../lib/gcc/arm-none-eabi/10.3.1/../../../../arm-none-eabi/lib/thumb/v7-m/nofp\libc_nano.a(lib_a-nano-vfscanf_i.o)
 .rodata.__assert_func.str1.1
                0x0000000008008662       0x3c d:/programs/stm32cubeide_1.10.1/stm32cubeide/plugins/com.st.stm32cube.ide.mcu.externaltools.gnu-tools-for-stm32.10.3-2021.10.win32_1.0.0.202111181127/tools/bin/../lib/gcc/arm-none-eabi/10.3.1/../../../../arm-none-eabi/lib/thumb/v7-m/nofp\libc_nano.a(lib_a-assert.o)
                                         0x3d (size before relaxing)
 *fill*         0x000000000800869e        0x2 
 .rodata.__sf_fake_stderr
                0x00000000080086a0       0x20 d:/programs/stm32cubeide_1.10.1/stm32cubeide/plugins/com.st.stm32cube.ide.mcu.externaltools.gnu-tools-for-stm32.10.3-2021.10.win32_1.0.0.202111181127/tools/bin/../lib/gcc/arm-none-eabi/10.3.1/../../../../arm-none-eabi/lib/thumb/v7-m/nofp\libc_nano.a(lib_a-findfp.o)
                0x00000000080086a0                __sf_fake_stderr
 .rodata.__sf_fake_stdin
                0x00000000080086c0       0x20 d:/programs/stm32cubeide_1.10.1/stm32cubeide/plugins/com.st.stm32cube.ide.mcu.externaltools.gnu-tools-for-stm32.10.3-2021.10.win32_1.0.0.202111181127/tools/bin/../lib/gcc/arm-none-eabi/10.3.1/../../../../arm-none-eabi/lib/thumb/v7-m/nofp\libc_nano.a(lib_a-findfp.o)
                0x00000000080086c0                __sf_fake_stdin
 .rodata.__sf_fake_stdout
                0x00000000080086e0       0x20 d:/programs/stm32cubeide_1.10.1/stm32cubeide/plugins/com.st.stm32cube.ide.mcu.externaltools.gnu-tools-for-stm32.10.3-2021.10.win32_1.0.0.202111181127/tools/bin/../lib/gcc/arm-none-eabi/10.3.1/../../../../arm-none-eabi/lib/thumb/v7-m/nofp\libc_nano.a(lib_a-findfp.o)
                0x00000000080086e0                __sf_fake_stdout
 .rodata._vfprintf_r.str1.1
                0x0000000008008700       0x11 d:/programs/stm32cubeide_1.10.1/stm32cubeide/plugins/com.st.stm32cube.ide.mcu.externaltools.gnu-tools-for-stm32.10.3-2021.10.win32_1.0.0.202111181127/tools/bin/../lib/gcc/arm-none-eabi/10.3.1/../../../../arm-none-eabi/lib/thumb/v7-m/nofp\libc_nano.a(lib_a-nano-vfprintf.o)
                0x0000000008008714                . = ALIGN (0x4)

.rel.dyn        0x0000000008008700        0x0
 .rel.iplt      0x0000000008008700        0x0 d:/programs/stm32cubeide_1.10.1/stm32cubeide/plugins/com.st.stm32cube.ide.mcu.externaltools.gnu-tools-for-stm32.10.3-2021.10.win32_1.0.0.202111181127/tools/bin/../lib/gcc/arm-none-eabi/10.3.1/thumb/v7-m/nofp/crtbegin.o

.ARM.extab      0x0000000008008700        0x0
                0x0000000008008700                . = ALIGN (0x4)
 *(.ARM.extab* .gnu.linkonce.armextab.*)
                0x0000000008008700                . = ALIGN (0x4)

.ARM            0x0000000008008700        0x0
                0x0000000008008700                . = ALIGN (0x4)
                0x0000000008008700                __exidx_start = .
 *(.ARM.exidx*)
                0x0000000008008700                __exidx_end = .
                0x0000000008008700                . = ALIGN (0x4)

.preinit_array  0x0000000008008700        0x0
                0x0000000008008700                . = ALIGN (0x4)
                0x0000000008008700                PROVIDE (__preinit_array_start = .)
 *(.preinit_array*)
                0x0000000008008700                PROVIDE (__preinit_array_end = .)
                0x0000000008008700                . = ALIGN (0x4)

.init_array     0x0000000008008700        0x4
                0x0000000008008700                . = ALIGN (0x4)
                0x0000000008008700                PROVIDE (__init_array_start = .)
 *(SORT_BY_NAME(.init_array.*))
 *(.init_array*)
 .init_array    0x0000000008008700        0x4 d:/programs/stm32cubeide_1.10.1/stm32cubeide/plugins/com.st.stm32cube.ide.mcu.externaltools.gnu-tools-for-stm32.10.3-2021.10.win32_1.0.0.202111181127/tools/bin/../lib/gcc/arm-none-eabi/10.3.1/thumb/v7-m/nofp/crtbegin.o
                0x0000000008008704                PROVIDE (__init_array_end = .)
                0x0000000008008704                . = ALIGN (0x4)

.fini_array     0x0000000008008704        0x4
                0x0000000008008704                . = ALIGN (0x4)
                [!provide]                        PROVIDE (__fini_array_start = .)
 *(SORT_BY_NAME(.fini_array.*))
 *(.fini_array*)
 .fini_array    0x0000000008008704        0x4 d:/programs/stm32cubeide_1.10.1/stm32cubeide/plugins/com.st.stm32cube.ide.mcu.externaltools.gnu-tools-for-stm32.10.3-2021.10.win32_1.0.0.202111181127/tools/bin/../lib/gcc/arm-none-eabi/10.3.1/thumb/v7-m/nofp/crtbegin.o
                [!provide]                        PROVIDE (__fini_array_end = .)
                0x0000000008008708                . = ALIGN (0x4)
                0x0000000008008708                _sidata = LOADADDR (.data)

.data           0x0000000020000000      0x1f4 load address 0x0000000008008708
                0x0000000020000000                . = ALIGN (0x4)
                0x0000000020000000                _sdata = .
 *(.data)
 *(.data*)
 .data.global_hooks
                0x0000000020000000        0xc ./Src/CJSON/cJSON.o
 .data.node_Type
                0x000000002000000c        0x8 ./Src/main.o
                0x000000002000000c                node_Type
 .data.node_ID  0x0000000020000014        0xc ./Src/main.o
                0x0000000020000014                node_ID
 .data._impure_ptr
                0x0000000020000020        0x4 d:/programs/stm32cubeide_1.10.1/stm32cubeide/plugins/com.st.stm32cube.ide.mcu.externaltools.gnu-tools-for-stm32.10.3-2021.10.win32_1.0.0.202111181127/tools/bin/../lib/gcc/arm-none-eabi/10.3.1/../../../../arm-none-eabi/lib/thumb/v7-m/nofp\libc_nano.a(lib_a-impure.o)
                0x0000000020000020                _impure_ptr
 .data.impure_data
                0x0000000020000024       0x60 d:/programs/stm32cubeide_1.10.1/stm32cubeide/plugins/com.st.stm32cube.ide.mcu.externaltools.gnu-tools-for-stm32.10.3-2021.10.win32_1.0.0.202111181127/tools/bin/../lib/gcc/arm-none-eabi/10.3.1/../../../../arm-none-eabi/lib/thumb/v7-m/nofp\libc_nano.a(lib_a-impure.o)
 .data.numempty
                0x0000000020000084        0x2 d:/programs/stm32cubeide_1.10.1/stm32cubeide/plugins/com.st.stm32cube.ide.mcu.externaltools.gnu-tools-for-stm32.10.3-2021.10.win32_1.0.0.202111181127/tools/bin/../lib/gcc/arm-none-eabi/10.3.1/../../../../arm-none-eabi/lib/thumb/v7-m/nofp\libc_nano.a(lib_a-lnumeric.o)
 *fill*         0x0000000020000086        0x2 
 .data.__global_locale
                0x0000000020000088      0x16c d:/programs/stm32cubeide_1.10.1/stm32cubeide/plugins/com.st.stm32cube.ide.mcu.externaltools.gnu-tools-for-stm32.10.3-2021.10.win32_1.0.0.202111181127/tools/bin/../lib/gcc/arm-none-eabi/10.3.1/../../../../arm-none-eabi/lib/thumb/v7-m/nofp\libc_nano.a(lib_a-locale.o)
                0x0000000020000088                __global_locale
 *(.RamFunc)
 *(.RamFunc*)
                0x00000000200001f4                . = ALIGN (0x4)
                0x00000000200001f4                _edata = .

.igot.plt       0x00000000200001f4        0x0 load address 0x00000000080088fc
 .igot.plt      0x00000000200001f4        0x0 d:/programs/stm32cubeide_1.10.1/stm32cubeide/plugins/com.st.stm32cube.ide.mcu.externaltools.gnu-tools-for-stm32.10.3-2021.10.win32_1.0.0.202111181127/tools/bin/../lib/gcc/arm-none-eabi/10.3.1/thumb/v7-m/nofp/crtbegin.o
                0x00000000200001f4                . = ALIGN (0x4)

.bss            0x00000000200001f4       0xcc load address 0x00000000080088fc
                0x00000000200001f4                _sbss = .
                0x00000000200001f4                __bss_start__ = _sbss
 *(.bss)
 .bss           0x00000000200001f4       0x1c d:/programs/stm32cubeide_1.10.1/stm32cubeide/plugins/com.st.stm32cube.ide.mcu.externaltools.gnu-tools-for-stm32.10.3-2021.10.win32_1.0.0.202111181127/tools/bin/../lib/gcc/arm-none-eabi/10.3.1/thumb/v7-m/nofp/crtbegin.o
 *(.bss*)
 .bss.Global_voidPtrCallbackFunc
                0x0000000020000210        0x4 ./Src/01-MCAL/03-STK/STK_program.o
                0x0000000020000210                Global_voidPtrCallbackFunc
 .bss.MSTK_u8ModeOfinterval
                0x0000000020000214        0x1 ./Src/01-MCAL/03-STK/STK_program.o
 *fill*         0x0000000020000215        0x3 
 .bss.Global_pvEXTICallBackFunc
                0x0000000020000218       0x40 ./Src/01-MCAL/05-EXTI/EXTI_program.o
 .bss.Global_voidTIM2PtrCallbackFunc
                0x0000000020000258        0x4 ./Src/01-MCAL/08-TIM/TIM_program.o
                0x0000000020000258                Global_voidTIM2PtrCallbackFunc
 .bss.Global_voidTIM3PtrCallbackFunc
                0x000000002000025c        0x4 ./Src/01-MCAL/08-TIM/TIM_program.o
                0x000000002000025c                Global_voidTIM3PtrCallbackFunc
 .bss.Global_voidTIM4PtrCallbackFunc
                0x0000000020000260        0x4 ./Src/01-MCAL/08-TIM/TIM_program.o
                0x0000000020000260                Global_voidTIM4PtrCallbackFunc
 .bss.Global_u8FlagTIM2
                0x0000000020000264        0x1 ./Src/01-MCAL/08-TIM/TIM_program.o
                0x0000000020000264                Global_u8FlagTIM2
 .bss.Global_u8FlagTIM3
                0x0000000020000265        0x1 ./Src/01-MCAL/08-TIM/TIM_program.o
                0x0000000020000265                Global_u8FlagTIM3
 .bss.Global_u8FlagTIM4
                0x0000000020000266        0x1 ./Src/01-MCAL/08-TIM/TIM_program.o
                0x0000000020000266                Global_u8FlagTIM4
 *fill*         0x0000000020000267        0x1 
 .bss.Global_OSTasks
                0x0000000020000268       0x24 ./Src/02-SERVICE/OS/OS_program.o
 .bss.Local_u16TickCounts.0
                0x000000002000028c        0x2 ./Src/02-SERVICE/OS/OS_program.o
 .bss.Local_u16ADCValue.0
                0x000000002000028e        0x2 ./Src/03-HAL/01-TEMP_SENSOR/TEMP_program.o
 .bss.Local_u16ADCValue.0
                0x0000000020000290        0x2 ./Src/03-HAL/02-LIGHT_SENSOR/LIGHT_program.o
 *fill*         0x0000000020000292        0x2 
 .bss.global_error
                0x0000000020000294        0x8 ./Src/CJSON/cJSON.o
 .bss.TEMP_ENA  0x000000002000029c        0x1 ./Src/main.o
                0x000000002000029c                TEMP_ENA
 .bss.LIGHT_ENA
                0x000000002000029d        0x1 ./Src/main.o
                0x000000002000029d                LIGHT_ENA
 *fill*         0x000000002000029e        0x2 
 .bss.intString.0
                0x00000000200002a0        0xc ./Src/main.o
 .bss.__sbrk_heap_end
                0x00000000200002ac        0x4 ./Src/sysmem.o
 .bss.__malloc_free_list
                0x00000000200002b0        0x4 d:/programs/stm32cubeide_1.10.1/stm32cubeide/plugins/com.st.stm32cube.ide.mcu.externaltools.gnu-tools-for-stm32.10.3-2021.10.win32_1.0.0.202111181127/tools/bin/../lib/gcc/arm-none-eabi/10.3.1/../../../../arm-none-eabi/lib/thumb/v7-m/nofp\libc_nano.a(lib_a-nano-mallocr.o)
                0x00000000200002b0                __malloc_free_list
 .bss.__malloc_sbrk_start
                0x00000000200002b4        0x4 d:/programs/stm32cubeide_1.10.1/stm32cubeide/plugins/com.st.stm32cube.ide.mcu.externaltools.gnu-tools-for-stm32.10.3-2021.10.win32_1.0.0.202111181127/tools/bin/../lib/gcc/arm-none-eabi/10.3.1/../../../../arm-none-eabi/lib/thumb/v7-m/nofp\libc_nano.a(lib_a-nano-mallocr.o)